Input Dirac increment:
- Valid time: 2010-01-01T12:00:00Z
  Geometry: L48x25 [1200]
  Fields:
  - air_horizontal_streamfunction (5 levels):
    + min close to zero
    + max    = 1.0000000000000000e+00
    + mean   = 1.8083182640144665e-04
    + stddev = 1.3447372472028362e-02
Covariance(SABER-ensemble) dirac test:
       Independent levels:  1[5]
          Subset Sc0 size:             1106
          Domain area (% of Earth area): 0.100E+03%
             Level   1 ~> 100.0%
             Level   2 ~> 100.0%
             Level   3 ~> 100.0%
             Level   4 ~> 100.0%
             Level   5 ~> 100.0%
             Level   1 ~>  0.100E+01 vert. coord.
             Level   2 ~>  0.200E+01 vert. coord.
             Level   3 ~>  0.300E+01 vert. coord.
             Level   4 ~>  0.400E+01 vert. coord.
             Level   5 ~>  0.500E+01 vert. coord.
Adjoint test for block BUMP_NICAS passed
Square-root test for block BUMP_NICAS passed
       Independent levels:  1[5]
          Subset Sc0 size:             1106
          Domain area (% of Earth area): 0.100E+03%
             Level   1 ~> 100.0%
             Level   2 ~> 100.0%
             Level   3 ~> 100.0%
             Level   4 ~> 100.0%
             Level   5 ~> 100.0%
             Level   1 ~>  0.100E+01 vert. coord.
             Level   2 ~>  0.200E+01 vert. coord.
             Level   3 ~>  0.300E+01 vert. coord.
             Level   4 ~>  0.400E+01 vert. coord.
             Level   5 ~>  0.500E+01 vert. coord.
Adjoint test for block BUMP_NICAS passed
Square-root test for block BUMP_NICAS passed
       Independent levels:  1[5]
          Subset Sc0 size:             1106
          Domain area (% of Earth area): 0.100E+03%
             Level   1 ~> 100.0%
             Level   2 ~> 100.0%
             Level   3 ~> 100.0%
             Level   4 ~> 100.0%
             Level   5 ~> 100.0%
             Level   1 ~>  0.100E+01 vert. coord.
             Level   2 ~>  0.200E+01 vert. coord.
             Level   3 ~>  0.300E+01 vert. coord.
             Level   4 ~>  0.400E+01 vert. coord.
             Level   5 ~>  0.500E+01 vert. coord.
Adjoint test for block BUMP_NICAS passed
Square-root test for block BUMP_NICAS passed
Adjoint test for block Ensemble passed
Square-root test for block Ensemble passed
Covariance(SABER-ensemble) * Increment:
- Valid time: 2010-01-01T12:00:00Z
  Geometry: L48x25 [1200]
  Fields:
  - air_horizontal_streamfunction (5 levels):
    + min    = -2.2944628577462839e-04
    + max    = 7.6450610092397309e-01
    + mean   = 2.3562805339315354e-03
    + stddev = 2.0199121615192373e-02
Localization(SABER-ensemble_localization_wb1) dirac test:
       Independent levels:  1[5]
          Subset Sc0 size:             1106
          Domain area (% of Earth area): 0.100E+03%
             Level   1 ~> 100.0%
             Level   2 ~> 100.0%
             Level   3 ~> 100.0%
             Level   4 ~> 100.0%
             Level   5 ~> 100.0%
             Level   1 ~>  0.100E+01 vert. coord.
             Level   2 ~>  0.200E+01 vert. coord.
             Level   3 ~>  0.300E+01 vert. coord.
             Level   4 ~>  0.400E+01 vert. coord.
             Level   5 ~>  0.500E+01 vert. coord.
Adjoint test for block BUMP_NICAS passed
Square-root test for block BUMP_NICAS passed
Localization(SABER-ensemble_localization_wb1) * Increment:
- Valid time: 2010-01-01T12:00:00Z
  Geometry: L48x25 [1200]
  Fields:
  - air_horizontal_streamfunction (5 levels):
    + min close to zero
    + max    = 1.0000000000000000e+00
    + mean   = 2.0613966612767452e-02
    + stddev = 9.5026268645622886e-02
Localization(SABER-ensemble_localization_wb1) diagnostics:
- Localization at zero separation:
  + Value for variable air_horizontal_streamfunction, subwindow 0, at (longitude, latitude, vertical index) point (0.00000, 0.00000, 1): 1.0000000000000000e+00
Localization(SABER-ensemble_localization_wb1) dirac test:
       Independent levels:  1[5]
          Subset Sc0 size:             1106
          Domain area (% of Earth area): 0.100E+03%
             Level   1 ~> 100.0%
             Level   2 ~> 100.0%
             Level   3 ~> 100.0%
             Level   4 ~> 100.0%
             Level   5 ~> 100.0%
             Level   1 ~>  0.100E+01 vert. coord.
             Level   2 ~>  0.200E+01 vert. coord.
             Level   3 ~>  0.300E+01 vert. coord.
             Level   4 ~>  0.400E+01 vert. coord.
             Level   5 ~>  0.500E+01 vert. coord.
Adjoint test for block BUMP_NICAS passed
Square-root test for block BUMP_NICAS passed
Localization(SABER-ensemble_localization_wb1) * Increment:
- Valid time: 2010-01-01T12:00:00Z
  Geometry: L48x25 [1200]
  Fields:
  - air_horizontal_streamfunction (5 levels):
    + min close to zero
    + max    = 1.0000000000000000e+00
    + mean   = 1.2249059187461149e-02
    + stddev = 7.8364987923205773e-02
Localization(SABER-ensemble_localization_wb1) diagnostics:
- Localization at zero separation:
  + Value for variable air_horizontal_streamfunction, subwindow 0, at (longitude, latitude, vertical index) point (0.00000, 0.00000, 1): 1.0000000000000000e+00
Localization(SABER-ensemble_localization_wb1) dirac test:
       Independent levels:  1[5]
          Subset Sc0 size:             1106
          Domain area (% of Earth area): 0.100E+03%
             Level   1 ~> 100.0%
             Level   2 ~> 100.0%
             Level   3 ~> 100.0%
             Level   4 ~> 100.0%
             Level   5 ~> 100.0%
             Level   1 ~>  0.100E+01 vert. coord.
             Level   2 ~>  0.200E+01 vert. coord.
             Level   3 ~>  0.300E+01 vert. coord.
             Level   4 ~>  0.400E+01 vert. coord.
             Level   5 ~>  0.500E+01 vert. coord.
Adjoint test for block BUMP_NICAS passed
Square-root test for block BUMP_NICAS passed
Localization(SABER-ensemble_localization_wb1) * Increment:
- Valid time: 2010-01-01T12:00:00Z
  Geometry: L48x25 [1200]
  Fields:
  - air_horizontal_streamfunction (5 levels):
    + min close to zero
    + max    = 9.9999999999999967e-01
    + mean   = 2.1859304824388627e-03
    + stddev = 3.3050336913955633e-02
Localization(SABER-ensemble_localization_wb1) diagnostics:
- Localization at zero separation:
  + Value for variable air_horizontal_streamfunction, subwindow 0, at (longitude, latitude, vertical index) point (0.00000, 0.00000, 1): 9.9999999999999967e-01
