       Independent levels:  1[2]
          Subset Sc0 size:              762
          Domain area (% of Earth area): 0.100E+03%
             Level   1 ~> 100.0%
             Level   2 ~> 100.0%
             Level   1 ~>  0.100E+01 vert. coord.
             Level   2 ~>  0.200E+01 vert. coord.
          Norm of stream_function:  0.34823466E+02
          Norm of stream_function:  0.38548583E+02
          Norm of stream_function:  0.40249410E+02
          Norm of stream_function:  0.36411760E+02
          Norm of stream_function:  0.41379544E+02
          Norm of stream_function:  0.39708833E+02
          Norm of stream_function:  0.36124535E+02
          Norm of stream_function:  0.37506204E+02
          Norm of stream_function:  0.39143314E+02
          Norm of stream_function:  0.41818050E+02
          Norm of stream_function:  0.36159172E+02
          Norm of stream_function:  0.39017051E+02
          Norm of stream_function:  0.41044805E+02
          Norm of stream_function:  0.36853180E+02
          Norm of stream_function:  0.38901885E+02
          Norm of stream_function:  0.34232697E+02
          Norm of stream_function:  0.37967332E+02
          Norm of stream_function:  0.38700733E+02
          Norm of stream_function:  0.40311748E+02
          Norm of stream_function:  0.38698530E+02
                Level   1: rhflt =   40000.00 km, rel. diff. =  0.23205E-02
                Level   2: rhflt =   40000.00 km, rel. diff. =  0.11470E-01
             Level   1 ~>  0.10253E+01 /  0.10253E+01
             Level   2 ~>  0.10155E+01 /  0.10155E+01
Norm of output parameter stddev - 1: 4.1403250054620919e+01
Norm of output parameter var - 1: 4.3608136938022319e+01
Norm of output parameter m4 - 1: 1.4685060432098823e+02
