       Independent levels:  1[2]
          Subset Sc0 size:              762
          Domain area (% of Earth area): 0.100E+03%
             Level   1 ~> 100.0%
             Level   2 ~> 100.0%
             Level   1 ~>  0.100E+01 vert. coord.
             Level   2 ~>  0.200E+01 vert. coord.
          Norm of stream_function:  0.37955976E+02
          Norm of stream_function:  0.37318938E+02
          Norm of stream_function:  0.35288688E+02
          Norm of stream_function:  0.38558384E+02
          Norm of stream_function:  0.37289442E+02
          Norm of stream_function:  0.40453759E+02
          Norm of stream_function:  0.36403143E+02
          Norm of stream_function:  0.41709180E+02
          Norm of stream_function:  0.40087819E+02
          Norm of stream_function:  0.35533473E+02
          Norm of stream_function:  0.37892202E+02
          Norm of stream_function:  0.39394438E+02
          Norm of stream_function:  0.39891410E+02
          Norm of stream_function:  0.42237628E+02
          Norm of stream_function:  0.36847820E+02
          Norm of stream_function:  0.39104007E+02
          Norm of stream_function:  0.40799882E+02
          Norm of stream_function:  0.39035668E+02
          Norm of stream_function:  0.37169967E+02
          Norm of stream_function:  0.38917347E+02
          Norm of stream_function:  0.34520982E+02
          Norm of stream_function:  0.38106704E+02
          Norm of stream_function:  0.38983946E+02
          Norm of stream_function:  0.39919104E+02
          Norm of stream_function:  0.38869054E+02
          Level   1 ~> 100.0%
          Level   2 ~> 100.0%
          Decimate full grid, at least      500 points required,     762 valid points found
          Subgrid hash:   -130003308
             -90.00 deg.  ~>100-100-99-100-100-100-100-99-100-100 
             -90.00 deg.  ~>100-100-99-100-100-100-100-99-100-100 
          nc1 =      500
          Independent levels:  1[2]
          Independent levels for angular sector   1 / class   1:  1[2]
          Independent levels for angular sector   1 / class   2:  1[2]
          Independent levels for angular sector   1 / class   3:  1[2]
          Independent levels for angular sector   1 / class   4:  1[2]
          Independent levels for angular sector   1 / class   5:  1[2]
          Independent levels for angular sector   1 / class   6:  1[2]
          Independent levels for angular sector   1 / class   7:  1[2]
          Independent levels for angular sector   1 / class   8:  1[2]
          Independent levels for angular sector   1 / class   9:  1[2]
          Independent levels for angular sector   1 / class  10:  1[2]
                Level:   1 ~> cov. at class zero:  0.99E+00
                Level:   2 ~> cov. at class zero:  0.10E+01
             Block stream_function:  0.14759371E+00 for       40 diagnostic points
                   Level:   1 ~> amplitude:        1.00
                                 cor. hor. support:      3543.40 km
                                 cor. ver. support:         2.96 vertical units
                   Level:   2 ~> amplitude:        1.00
                                 cor. hor. support:      3674.53 km
                                 cor. ver. support:         2.96 vertical units
             Block stream_function:  0.00000000E+00 for        0 diagnostic points
Norm of output parameter loc_rh - 1: 0.0000000000000000e+00
Norm of output parameter loc_rv - 1: 0.0000000000000000e+00
