       Independent levels:  1[2]
          Subset Sc0 size:             1106
          Domain area (% of Earth area): 0.100E+03%
             Level   1 ~> 100.0%
             Level   2 ~> 100.0%
             Level   1 ~>  0.100E+01 vert. coord.
             Level   2 ~>  0.200E+01 vert. coord.
          Norm of stream_function:  0.46517249E+02
          Norm of stream_function:  0.49029934E+02
          Norm of stream_function:  0.46370038E+02
          Norm of stream_function:  0.44170928E+02
          Norm of stream_function:  0.42870661E+02
          Norm of stream_function:  0.38246432E+02
          Norm of stream_function:  0.43026663E+02
          Norm of stream_function:  0.43941433E+02
          Norm of stream_function:  0.45362972E+02
          Norm of stream_function:  0.38164190E+02
       Independent levels:  1[2]
          Subset Sc0 size:              762
          Domain area (% of Earth area): 0.100E+03%
             Level   1 ~> 100.0%
             Level   2 ~> 100.0%
             Level   1 ~>  0.100E+01 vert. coord.
             Level   2 ~>  0.200E+01 vert. coord.
          Norm of stream_function:  0.37955976E+02
          Norm of stream_function:  0.37318938E+02
          Norm of stream_function:  0.35288688E+02
          Norm of stream_function:  0.38558384E+02
          Norm of stream_function:  0.37289442E+02
          Norm of stream_function:  0.40453759E+02
          Norm of stream_function:  0.36403143E+02
          Norm of stream_function:  0.41709180E+02
          Norm of stream_function:  0.40087819E+02
          Norm of stream_function:  0.35533473E+02
          Norm of stream_function:  0.37892202E+02
          Norm of stream_function:  0.39394438E+02
          Norm of stream_function:  0.39891410E+02
          Norm of stream_function:  0.42237628E+02
          Norm of stream_function:  0.36847820E+02
          Norm of stream_function:  0.39104007E+02
          Norm of stream_function:  0.40799882E+02
          Norm of stream_function:  0.39035668E+02
          Norm of stream_function:  0.37169967E+02
          Norm of stream_function:  0.38917347E+02
          Norm of stream_function:  0.34520982E+02
          Norm of stream_function:  0.38106704E+02
          Norm of stream_function:  0.38983946E+02
          Norm of stream_function:  0.39919104E+02
          Norm of stream_function:  0.38869054E+02
          Level   1 ~> 100.0%
          Level   2 ~> 100.0%
          Decimate full grid, at least      500 points required,    1090 valid points found
          Subgrid hash:   1120638748
             -90.00 deg.  ~>100-54-100-100-99-100-99-100-100-99-100-99-100-100-99 
             -90.00 deg.  ~>100-54-100-100-99-100-99-100-100-99-100-99-100-100-99 
          nc1 =      500
          Independent levels:  1[2]
          Independent levels for angular sector   1 / class   1:  1[2]
          Independent levels for angular sector   1 / class   2:  1[2]
          Independent levels for angular sector   1 / class   3:  1[2]
          Independent levels for angular sector   1 / class   4:  1[2]
          Independent levels for angular sector   1 / class   5:  1[2]
          Independent levels for angular sector   1 / class   6:  1[2]
          Independent levels for angular sector   1 / class   7:  1[2]
          Independent levels for angular sector   1 / class   8:  1[2]
          Independent levels for angular sector   1 / class   9:  1[2]
          Independent levels for angular sector   1 / class  10:  1[2]
          Independent levels for angular sector   1 / class  11:  1[2]
          Independent levels for angular sector   1 / class  12:  1[2]
          Independent levels for angular sector   1 / class  13:  1[2]
          Independent levels for angular sector   1 / class  14:  1[2]
          Independent levels for angular sector   1 / class  15:  1[2]
          nc1 =      500
          Independent levels:  1[2]
          Independent levels for angular sector   1 / class   1:  1[2]
          Independent levels for angular sector   1 / class   2:  1[2]
          Independent levels for angular sector   1 / class   3:  1[2]
          Independent levels for angular sector   1 / class   4:  1[2]
          Independent levels for angular sector   1 / class   5:  1[2]
          Independent levels for angular sector   1 / class   6:  1[2]
          Independent levels for angular sector   1 / class   7:  1[2]
          Independent levels for angular sector   1 / class   8:  1[2]
          Independent levels for angular sector   1 / class   9:  1[2]
          Independent levels for angular sector   1 / class  10:  1[2]
          Independent levels for angular sector   1 / class  11:  1[2]
          Independent levels for angular sector   1 / class  12:  1[2]
          Independent levels for angular sector   1 / class  13:  1[2]
          Independent levels for angular sector   1 / class  14:  1[2]
          Independent levels for angular sector   1 / class  15:  1[2]
                Level:   1 ~> cov. at class zero:  0.96E+00
                Level:   2 ~> cov. at class zero:  0.91E+00
                Level:   1 ~> cov. at class zero:  0.10E+01
                Level:   2 ~> cov. at class zero:  0.99E+00
             Block stream_function:  0.12118318E+00 for       60 diagnostic points
                   Level:   1 ~> amplitude:        1.00
                                 cor. hor. support:      3432.22 km
                                 cor. ver. support:         2.85 vertical units
                   Level:   2 ~> amplitude:        1.00
                                 cor. hor. support:      3547.44 km
                                 cor. ver. support:         2.85 vertical units
             Block stream_function:  0.14421529E+00 for       60 diagnostic points
                   Level:   1 ~> amplitude:        1.00
                                 cor. hor. support:      3465.60 km
                                 cor. ver. support:         2.98 vertical units
                   Level:   2 ~> amplitude:        1.00
                                 cor. hor. support:      3555.11 km
                                 cor. ver. support:         2.98 vertical units
             Block stream_function:  0.24534501E+00 for       31 diagnostic points
                Level:   1 ~> loc. at class zero:       0.83
                Level:   2 ~> loc. at class zero:       0.82
                   Level:   1 ~> amplitude:        1.00
                                 loc. hor. support:      4215.67 km
                                 loc. ver. support:         3.86 vertical units
                   Level:   2 ~> amplitude:        1.00
                                 loc. hor. support:      4028.58 km
                                 loc. ver. support:         3.85 vertical units
             Block stream_function:  0.26445066E+00 for       42 diagnostic points
                Level:   1 ~> loc. at class zero:       0.92
                Level:   2 ~> loc. at class zero:       0.92
                   Level:   1 ~> amplitude:        1.00
                                 loc. hor. support:      5289.83 km
                                 loc. ver. support:         5.68 vertical units
                   Level:   2 ~> amplitude:        1.00
                                 loc. hor. support:      5173.95 km
                                 loc. ver. support:         5.68 vertical units
                Level:   1 ~> hybrid coefficients: 0.54 / 0.44
                Level:   2 ~> hybrid coefficients: 0.44 / 0.51
Norm of output parameter loc_rh - 1: 2.0199416290693444e+08
Norm of output parameter loc_rv - 1: 1.8877901662665940e+02
Norm of output parameter hyb_coef_ens - 1: 2.4048724233084847e+01
Norm of output parameter hyb_coef_ens_lr - 1: 2.3513113117249304e+01
Norm of output parameter loc_rh_lr - 1: 2.1445677072857097e+08
Norm of output parameter loc_rv_lr - 1: 2.3275888462263691e+02
