       Independent levels:  1[5]
          Subset Sc0 size:             1106
          Domain area (% of Earth area): 0.100E+03%
             Level   1 ~> 100.0%
             Level   2 ~> 100.0%
             Level   3 ~> 100.0%
             Level   4 ~> 100.0%
             Level   5 ~> 100.0%
             Level   1 ~>  0.100E+01 vert. coord.
             Level   2 ~>  0.200E+01 vert. coord.
             Level   3 ~>  0.300E+01 vert. coord.
             Level   4 ~>  0.400E+01 vert. coord.
             Level   5 ~>  0.500E+01 vert. coord.
             Effective levels:   1   2   3   4   5 
                   Requested distance between points (min/max/avg):  0.250E+04 km /  0.250E+04 km /  0.250E+04 km
                   Regular sampling grid size:       88 points
                   Nearest neighbor distance (min/max/avg):  0.101E+04 km /  0.157E+04 km /  0.132E+04 km
                   Effective resolution (min/max/avg):  6.38 /  9.86 /  7.96
                   Subgrid hash:  -1613954990
                Subgrid size:       88
             nc1(  1) =                         88
             nc1(  2) =                         88
             nc1(  3) =                         88
             nc1(  4) =                         88
             nc1(  5) =                         88
             ns =                              440
             v%n_s =                             5
             c%n_s[global] =                  6120
             Effective levels:   1   2   3   4   5 
                   Requested distance between points (min/max/avg):  0.188E+04 km /  0.188E+04 km /  0.188E+04 km
                   Regular sampling grid size:       88 points
                   Nearest neighbor distance (min/max/avg):  0.101E+04 km /  0.157E+04 km /  0.132E+04 km
                   Effective resolution (min/max/avg):  4.78 /  7.39 /  5.97
                   Subgrid hash:  -1613954990
                Subgrid size:       88
             nc1(  1) =                         88
             nc1(  2) =                         88
             nc1(  3) =                         88
             nc1(  4) =                         88
             nc1(  5) =                         88
             ns =                              440
             v%n_s =                             5
             c%n_s[global] =                  2600
             Effective levels:   1   2   3   4   5 
                   Requested distance between points (min/max/avg):  0.938E+03 km /  0.938E+03 km /  0.938E+03 km
                   Regular sampling grid size:      360 points
                   Nearest neighbor distance (min/max/avg):  0.381E+03 km /  0.103E+04 km /  0.886E+03 km
                   Effective resolution (min/max/avg):  3.63 /  9.84 /  4.66
                   Subgrid hash:   -435093158
                Subgrid size:      360
             nc1(  1) =                        360
             nc1(  2) =                        360
             nc1(  3) =                        360
             nc1(  4) =                        360
             nc1(  5) =                        360
             ns =                             1800
             v%n_s =                             5
             c%n_s[global] =                 15080
