       Independent levels:  1[2]
          Subset Sc0 size:              762
          Domain area (% of Earth area): 0.100E+03%
             Level   1 ~> 100.0%
             Level   2 ~> 100.0%
             Level   1 ~>  0.100E+01 vert. coord.
             Level   2 ~>  0.200E+01 vert. coord.
          nc1 =      500
          nc2 =      250
          Independent levels:  1[2]
          Independent levels for angular sector   1 / class   1:  1[2]
          Independent levels for angular sector   1 / class   2:  1[2]
          Independent levels for angular sector   1 / class   3:  1[2]
          Independent levels for angular sector   1 / class   4:  1[2]
          Independent levels for angular sector   1 / class   5:  1[2]
          Independent levels for angular sector   1 / class   6:  1[2]
          Independent levels for angular sector   1 / class   7:  1[2]
          Independent levels for angular sector   1 / class   8:  1[2]
          Independent levels for angular sector   1 / class   9:  1[2]
          Independent levels for angular sector   1 / class  10:  1[2]
          Independent levels for angular sector   2 / class   1:  1[2]
          Independent levels for angular sector   2 / class   2:  1[2]
          Independent levels for angular sector   2 / class   3:  1[2]
          Independent levels for angular sector   2 / class   4:  1[2]
          Independent levels for angular sector   2 / class   5:  1[2]
          Independent levels for angular sector   2 / class   6:  1[2]
          Independent levels for angular sector   2 / class   7:  1[2]
          Independent levels for angular sector   2 / class   8:  1[2]
          Independent levels for angular sector   2 / class   9:  1[2]
          Independent levels for angular sector   2 / class  10:  1[2]
          Independent levels for angular sector   3 / class   1:  1[2]
          Independent levels for angular sector   3 / class   2:  1[2]
          Independent levels for angular sector   3 / class   3:  1[2]
          Independent levels for angular sector   3 / class   4:  1[2]
          Independent levels for angular sector   3 / class   5:  1[2]
          Independent levels for angular sector   3 / class   6:  1[2]
          Independent levels for angular sector   3 / class   7:  1[2]
          Independent levels for angular sector   3 / class   8:  1[2]
          Independent levels for angular sector   3 / class   9:  1[2]
          Independent levels for angular sector   3 / class  10:  1[2]
          Independent levels for angular sector   4 / class   1:  1[2]
          Independent levels for angular sector   4 / class   2:  1[2]
          Independent levels for angular sector   4 / class   3:  1[2]
          Independent levels for angular sector   4 / class   4:  1[2]
          Independent levels for angular sector   4 / class   5:  1[2]
          Independent levels for angular sector   4 / class   6:  1[2]
          Independent levels for angular sector   4 / class   7:  1[2]
          Independent levels for angular sector   4 / class   8:  1[2]
          Independent levels for angular sector   4 / class   9:  1[2]
          Independent levels for angular sector   4 / class  10:  1[2]
                Level:   1 ~> cov. at class zero:  0.99E+00
                Level:   2 ~> cov. at class zero:  0.10E+01
                Level:   1 ~> cov. at class zero:  0.97E+00
             Block stream_function:  0.34387515E+00 for    37356 diagnostic points
             Block surface_pressure:  0.33801487E+00 for     9339 diagnostic points
                   Level:   1 ~> amplitude:        0.77
                                 cor. hor. support:      3606.62 km
                                 cor. ver. support:         3.93 vertical units
                   Level:   2 ~> amplitude:        0.76
                                 cor. hor. support:      3780.24 km
                                 cor. ver. support:         4.04 vertical units
                   Level:   1 ~> amplitude:        0.23
                                 cor. hor. support:      2028.15 km
                                 cor. ver. support:         0.39 vertical units
                   Level:   2 ~> amplitude:        0.24
                                 cor. hor. support:      2125.78 km
                                 cor. ver. support:         0.40 vertical units
                   Level:   1 ~> amplitude:        0.80
                                 cor. hor. support:      3349.37 km
                                 cor. ver. support:         0.00 vertical units
                   Level:   1 ~> amplitude:        0.20
                                 cor. hor. support:      1883.49 km
                                 cor. ver. support:         0.00 vertical units
Norm of output parameter cor_a - 1: 4.0028631264595290e+01
Norm of output parameter cor_a - 2: 1.0426239053229679e+01
Norm of output parameter cor_rh1 - 1: 1.9589586704048687e+08
Norm of output parameter cor_rh1 - 2: 1.7110207996456552e+08
Norm of output parameter cor_rh2 - 1: 1.9547224841930649e+08
Norm of output parameter cor_rh2 - 2: 1.5315714505483258e+08
Norm of output parameter cor_rhc - 1: 5.6856056542863236e+00
Norm of output parameter cor_rhc - 2: 5.6856056542863236e+00
Norm of output parameter cor_rh - 1: 1.9403840501085487e+08
Norm of output parameter cor_rh - 2: 1.6075191747353086e+08
Norm of output parameter cor_rv - 1: 1.3429887038151634e+02
Norm of output parameter cor_rv - 2: 3.2151635817799203e+01
