       Independent levels:  1[10]
          Subset Sc0 size:              762
          Domain area (% of Earth area): 0.100E+03%
             Level   1 ~> 100.0%
             Level   2 ~> 100.0%
             Level   3 ~> 100.0%
             Level   4 ~> 100.0%
             Level   5 ~> 100.0%
             Level   6 ~> 100.0%
             Level   7 ~> 100.0%
             Level   8 ~> 100.0%
             Level   9 ~> 100.0%
             Level  10 ~> 100.0%
             Level   1 ~>  0.100E+01 vert. coord.
             Level   2 ~>  0.200E+01 vert. coord.
             Level   3 ~>  0.300E+01 vert. coord.
             Level   4 ~>  0.400E+01 vert. coord.
             Level   5 ~>  0.500E+01 vert. coord.
             Level   6 ~>  0.600E+01 vert. coord.
             Level   7 ~>  0.700E+01 vert. coord.
             Level   8 ~>  0.800E+01 vert. coord.
             Level   9 ~>  0.900E+01 vert. coord.
             Level  10 ~>  0.100E+02 vert. coord.
             Effective levels:   1   2   3   4   5   6   7   8   9  10 
                Horizontal support radius:    2000.00 km (   2000.00 km -    2000.00 km)
                Estimated nc1 from horizontal support radius:     2356
                   Decimate full grid, at least      762 points required,     762 valid points found
                   Subgrid hash:   1550418632
                Final nc1:      762
                Effective horizontal resolution:  2.27
             nc1(  1) =                        762
             nc1(  2) =                        762
             nc1(  3) =                        762
             nc1(  4) =                        762
             nc1(  5) =                        762
             nc1(  6) =                        762
             nc1(  7) =                        762
             nc1(  8) =                        762
             nc1(  9) =                        762
             nc1( 10) =                        762
             ns =                             7620
             v%n_s =                            10
             c%n_s[global] =                418136
             Effective levels:   1   2   3   4   5   6   7   8   9  10 
                Horizontal support radius:    2000.00 km (   2000.00 km -    2000.00 km)
                Estimated nc1 from horizontal support radius:     2356
                   Decimate full grid, at least      762 points required,     762 valid points found
                   Subgrid hash:   1550418632
                Final nc1:      762
                Effective horizontal resolution:  2.27
             nc1(  1) =                        762
             nc1(  2) =                        762
             nc1(  3) =                        762
             nc1(  4) =                        762
             nc1(  5) =                        762
             nc1(  6) =                        762
             nc1(  7) =                        762
             nc1(  8) =                        762
             nc1(  9) =                        762
             nc1( 10) =                        762
             ns =                             7620
             v%n_s =                            10
             c%n_s[global] =                 85656
          Level   1 ~> 100.0%
          Level   2 ~> 100.0%
          Level   3 ~> 100.0%
          Level   4 ~> 100.0%
          Level   5 ~> 100.0%
          Level   6 ~> 100.0%
          Level   7 ~> 100.0%
          Level   8 ~> 100.0%
          Level   9 ~> 100.0%
          Level  10 ~> 100.0%
          Decimate full grid, at least      500 points required,     762 valid points found
          Subgrid hash:   -130003308
             -90.00 deg.  ~>100-100-99-100-100-100-100-99-100-100 
             -90.00 deg.  ~>100-100-99-100-100-100-100-99-100-100 
             -90.00 deg.  ~>100-100-99-100-100-100-100-99-100-100 
             -90.00 deg.  ~>100-100-99-100-100-100-100-99-100-100 
             -90.00 deg.  ~>100-100-99-100-100-100-100-99-100-100 
             -90.00 deg.  ~>100-100-99-100-100-100-100-99-100-100 
             -90.00 deg.  ~>100-100-99-100-100-100-100-99-100-100 
             -90.00 deg.  ~>100-100-99-100-100-100-100-99-100-100 
             -90.00 deg.  ~>100-100-99-100-100-100-100-99-100-100 
             -90.00 deg.  ~>100-100-99-100-100-100-100-99-100-100 
          nc1 =      500
          Independent levels:  1[10]
          Independent levels for angular sector   1 / class   1:  1[10]
          Independent levels for angular sector   1 / class   2:  1[10]
          Independent levels for angular sector   1 / class   3:  1[10]
          Independent levels for angular sector   1 / class   4:  1[10]
          Independent levels for angular sector   1 / class   5:  1[10]
          Independent levels for angular sector   1 / class   6:  1[10]
          Independent levels for angular sector   1 / class   7:  1[10]
          Independent levels for angular sector   1 / class   8:  1[10]
          Independent levels for angular sector   1 / class   9:  1[10]
          Independent levels for angular sector   1 / class  10:  1[10]
                Level:   1 ~> cov. at class zero:  0.10E+01
                Level:   2 ~> cov. at class zero:  0.10E+01
                Level:   3 ~> cov. at class zero:  0.10E+01
                Level:   4 ~> cov. at class zero:  0.10E+01
                Level:   5 ~> cov. at class zero:  0.10E+01
                Level:   6 ~> cov. at class zero:  0.10E+01
                Level:   7 ~> cov. at class zero:  0.10E+01
                Level:   8 ~> cov. at class zero:  0.10E+01
                Level:   9 ~> cov. at class zero:  0.10E+01
                Level:  10 ~> cov. at class zero:  0.10E+01
                Level:   1 ~> cov. at class zero:  0.10E+01
                Level:   2 ~> cov. at class zero:  0.10E+01
                Level:   3 ~> cov. at class zero:  0.10E+01
                Level:   4 ~> cov. at class zero:  0.10E+01
                Level:   5 ~> cov. at class zero:  0.10E+01
                Level:   6 ~> cov. at class zero:  0.10E+01
                Level:   7 ~> cov. at class zero:  0.10E+01
                Level:   8 ~> cov. at class zero:  0.10E+01
                Level:   9 ~> cov. at class zero:  0.10E+01
                Level:  10 ~> cov. at class zero:  0.10E+01
             Block stream_function:  0.10819465E+00 for      700 diagnostic points
             Block velocity_potential:  0.73318866E-01 for      700 diagnostic points
                   Level:   1 ~> amplitude:        1.00
                                 cor. hor. support:      3774.89 km
                                 cor. ver. support:         2.89 vertical units
                   Level:   2 ~> amplitude:        1.00
                                 cor. hor. support:      3765.84 km
                                 cor. ver. support:         2.85 vertical units
                   Level:   3 ~> amplitude:        1.00
                                 cor. hor. support:      3731.53 km
                                 cor. ver. support:         2.86 vertical units
                   Level:   4 ~> amplitude:        1.00
                                 cor. hor. support:      3725.14 km
                                 cor. ver. support:         2.85 vertical units
                   Level:   5 ~> amplitude:        1.00
                                 cor. hor. support:      3606.20 km
                                 cor. ver. support:         2.82 vertical units
                   Level:   6 ~> amplitude:        1.00
                                 cor. hor. support:      3701.93 km
                                 cor. ver. support:         2.80 vertical units
                   Level:   7 ~> amplitude:        1.00
                                 cor. hor. support:      3722.85 km
                                 cor. ver. support:         2.80 vertical units
                   Level:   8 ~> amplitude:        1.00
                                 cor. hor. support:      3728.79 km
                                 cor. ver. support:         2.79 vertical units
                   Level:   9 ~> amplitude:        1.00
                                 cor. hor. support:      3648.90 km
                                 cor. ver. support:         2.86 vertical units
                   Level:  10 ~> amplitude:        1.00
                                 cor. hor. support:      3722.90 km
                                 cor. ver. support:         2.95 vertical units
                   Level:   1 ~> amplitude:        1.00
                                 cor. hor. support:      1257.26 km
                                 cor. ver. support:         2.92 vertical units
                   Level:   2 ~> amplitude:        1.00
                                 cor. hor. support:      1245.74 km
                                 cor. ver. support:         2.87 vertical units
                   Level:   3 ~> amplitude:        1.00
                                 cor. hor. support:      1271.91 km
                                 cor. ver. support:         2.85 vertical units
                   Level:   4 ~> amplitude:        1.00
                                 cor. hor. support:      1252.08 km
                                 cor. ver. support:         2.85 vertical units
                   Level:   5 ~> amplitude:        1.00
                                 cor. hor. support:      1251.32 km
                                 cor. ver. support:         2.81 vertical units
                   Level:   6 ~> amplitude:        1.00
                                 cor. hor. support:      1260.90 km
                                 cor. ver. support:         2.82 vertical units
                   Level:   7 ~> amplitude:        1.00
                                 cor. hor. support:      1232.44 km
                                 cor. ver. support:         2.84 vertical units
                   Level:   8 ~> amplitude:        1.00
                                 cor. hor. support:      1228.67 km
                                 cor. ver. support:         2.85 vertical units
                   Level:   9 ~> amplitude:        1.00
                                 cor. hor. support:      1250.71 km
                                 cor. ver. support:         2.87 vertical units
                   Level:  10 ~> amplitude:        1.00
                                 cor. hor. support:      1257.64 km
                                 cor. ver. support:         2.93 vertical units
          Level   1 ~>  0.944 /  0.965
          Level   2 ~>  0.941 /  0.950
          Level   3 ~>  0.933 /  0.954
          Level   4 ~>  0.931 /  0.950
          Level   5 ~>  0.902 /  0.940
          Level   6 ~>  0.925 /  0.935
          Level   7 ~>  0.931 /  0.932
          Level   8 ~>  0.932 /  0.931
          Level   9 ~>  0.912 /  0.954
          Level  10 ~>  0.931 /  0.983
          Level   1 ~>  0.629 /  0.972
          Level   2 ~>  0.623 /  0.957
          Level   3 ~>  0.636 /  0.951
          Level   4 ~>  0.626 /  0.949
          Level   5 ~>  0.626 /  0.938
          Level   6 ~>  0.630 /  0.938
          Level   7 ~>  0.616 /  0.945
          Level   8 ~>  0.614 /  0.951
          Level   9 ~>  0.625 /  0.958
          Level  10 ~>  0.629 /  0.978
