       Independent levels:  1[2]
          Subset Sc0 size:             1106
          Domain area (% of Earth area): 0.100E+03%
             Level   1 ~> 100.0%
             Level   2 ~> 100.0%
             Level   1 ~>  0.100E+01 vert. coord.
             Level   2 ~>  0.200E+01 vert. coord.
          Norm of stream_function:  0.46517249E+02
          Norm of stream_function:  0.49029934E+02
          Norm of stream_function:  0.46370038E+02
          Norm of stream_function:  0.44170928E+02
          Norm of stream_function:  0.42870661E+02
          Norm of stream_function:  0.38246432E+02
          Norm of stream_function:  0.43026663E+02
          Norm of stream_function:  0.43941433E+02
          Norm of stream_function:  0.45362972E+02
          Norm of stream_function:  0.38164190E+02
       Independent levels:  1[2]
          Subset Sc0 size:              762
          Domain area (% of Earth area): 0.100E+03%
             Level   1 ~> 100.0%
             Level   2 ~> 100.0%
             Level   1 ~>  0.100E+01 vert. coord.
             Level   2 ~>  0.200E+01 vert. coord.
          Norm of stream_function:  0.38470048E+02
          Norm of stream_function:  0.42996720E+02
          Norm of stream_function:  0.38569049E+02
          Norm of stream_function:  0.39950339E+02
          Norm of stream_function:  0.39176097E+02
          Norm of stream_function:  0.38074524E+02
          Norm of stream_function:  0.30214411E+02
          Norm of stream_function:  0.36586908E+02
          Norm of stream_function:  0.37708723E+02
          Norm of stream_function:  0.44942162E+02
          Norm of stream_function:  0.40385330E+02
          Norm of stream_function:  0.37075775E+02
          Norm of stream_function:  0.41896652E+02
          Norm of stream_function:  0.41412919E+02
          Norm of stream_function:  0.32542329E+02
          Norm of stream_function:  0.38070935E+02
          Norm of stream_function:  0.40297891E+02
          Norm of stream_function:  0.34840053E+02
          Norm of stream_function:  0.40377026E+02
          Norm of stream_function:  0.37680745E+02
          Norm of stream_function:  0.35745500E+02
          Norm of stream_function:  0.35530529E+02
          Norm of stream_function:  0.38669494E+02
          Norm of stream_function:  0.38185342E+02
          Norm of stream_function:  0.39696851E+02
          Level   1 ~> 100.0%
          Level   2 ~> 100.0%
          Decimate full grid, at least      500 points required,    1090 valid points found
          Subgrid hash:   1120638748
             -90.00 deg.  ~>100-54-100-100-99-100-99-100-100-99-100-99-100-100-99 
             -90.00 deg.  ~>100-54-100-100-99-100-99-100-100-99-100-99-100-100-99 
          nc1 =      500
          Independent levels:  1[2]
          Independent levels for angular sector   1 / class   1:  1[2]
          Independent levels for angular sector   1 / class   2:  1[2]
          Independent levels for angular sector   1 / class   3:  1[2]
          Independent levels for angular sector   1 / class   4:  1[2]
          Independent levels for angular sector   1 / class   5:  1[2]
          Independent levels for angular sector   1 / class   6:  1[2]
          Independent levels for angular sector   1 / class   7:  1[2]
          Independent levels for angular sector   1 / class   8:  1[2]
          Independent levels for angular sector   1 / class   9:  1[2]
          Independent levels for angular sector   1 / class  10:  1[2]
          Independent levels for angular sector   1 / class  11:  1[2]
          Independent levels for angular sector   1 / class  12:  1[2]
          Independent levels for angular sector   1 / class  13:  1[2]
          Independent levels for angular sector   1 / class  14:  1[2]
          Independent levels for angular sector   1 / class  15:  1[2]
          nc1 =      500
          Independent levels:  1[2]
          Independent levels for angular sector   1 / class   1:  1[2]
          Independent levels for angular sector   1 / class   2:  1[2]
          Independent levels for angular sector   1 / class   3:  1[2]
          Independent levels for angular sector   1 / class   4:  1[2]
          Independent levels for angular sector   1 / class   5:  1[2]
          Independent levels for angular sector   1 / class   6:  1[2]
          Independent levels for angular sector   1 / class   7:  1[2]
          Independent levels for angular sector   1 / class   8:  1[2]
          Independent levels for angular sector   1 / class   9:  1[2]
          Independent levels for angular sector   1 / class  10:  1[2]
          Independent levels for angular sector   1 / class  11:  1[2]
          Independent levels for angular sector   1 / class  12:  1[2]
          Independent levels for angular sector   1 / class  13:  1[2]
          Independent levels for angular sector   1 / class  14:  1[2]
          Independent levels for angular sector   1 / class  15:  1[2]
                Level:   1 ~> cov. at class zero:  0.96E+00
                Level:   2 ~> cov. at class zero:  0.91E+00
                Level:   1 ~> cov. at class zero:  0.10E+01
                Level:   2 ~> cov. at class zero:  0.99E+00
             Block stream_function:  0.12118318E+00 for       60 diagnostic points
                   Level:   1 ~> amplitude:        1.00
                                 cor. hor. support:      3432.22 km
                                 cor. ver. support:         2.85 vertical units
                   Level:   2 ~> amplitude:        1.00
                                 cor. hor. support:      3547.44 km
                                 cor. ver. support:         2.85 vertical units
             Block stream_function:  0.13994517E+00 for       60 diagnostic points
                   Level:   1 ~> amplitude:        1.00
                                 cor. hor. support:      6695.48 km
                                 cor. ver. support:         1.28 vertical units
                   Level:   2 ~> amplitude:        1.00
                                 cor. hor. support:      6445.38 km
                                 cor. ver. support:         1.28 vertical units
             Block stream_function:  0.00000000E+00 for        0 diagnostic points
                   Level:   1 ~> amplitude:        1.00
                                 loc. hor. support:     10000.00 km
                                 loc. ver. support:         2.00 vertical units
                   Level:   2 ~> amplitude:        1.00
                                 loc. hor. support:     10000.00 km
                                 loc. ver. support:         2.00 vertical units
                Level:   1 ~> hybrid coefficients: 0.41 / 0.57
                Level:   2 ~> hybrid coefficients: 0.28 / 0.66
Norm of output parameter loc_rh - 1: 4.8989794855663562e+08
Norm of output parameter loc_rv - 1: 9.7979589711327122e+01
Norm of output parameter hyb_coef_ens - 1: 1.7135766926936491e+01
Norm of output parameter hyb_coef_sta - 1: 2.4391027405045033e+01
