       Independent levels:  1[2]
          Subset Sc0 size:              173
          Domain area (% of Earth area): 0.100E+03%
             Level   1 ~> 100.0%
             Level   2 ~> 100.0%
             Level   1 ~>  0.100E+01 vert. coord.
             Level   2 ~>  0.200E+01 vert. coord.
          Norm of stream_function:  0.19342678E+02
          Norm of stream_function:  0.17480808E+02
          Norm of stream_function:  0.18502699E+02
          Norm of stream_function:  0.18836144E+02
          Norm of stream_function:  0.18910794E+02
          Norm of stream_function:  0.19770395E+02
          Norm of stream_function:  0.19700947E+02
          Norm of stream_function:  0.18926801E+02
          Norm of stream_function:  0.18819845E+02
          Norm of stream_function:  0.19010042E+02
          Norm of stream_function:  0.18853355E+02
          Norm of stream_function:  0.17393724E+02
          Norm of stream_function:  0.16659440E+02
          Norm of stream_function:  0.20687986E+02
          Norm of stream_function:  0.19107639E+02
          Norm of stream_function:  0.19099248E+02
          Norm of stream_function:  0.17566176E+02
          Norm of stream_function:  0.17031143E+02
          Norm of stream_function:  0.15421459E+02
          Norm of stream_function:  0.18717660E+02
          Norm of stream_function:  0.18502113E+02
          Norm of stream_function:  0.18149162E+02
          Norm of stream_function:  0.17196849E+02
          Norm of stream_function:  0.17792644E+02
          Norm of stream_function:  0.17386555E+02
          Level   1 ~> 100.0%
          Level   2 ~> 100.0%
          Decimate full grid, at least      173 points required,     173 valid points found
          Subgrid hash:   1239477474
             -90.00 deg.  ~>100- 0-56-58-75-80-94-89-97-93 
             -45.00 deg.  ~>100- 0-80-41-94-75-98-83-98-97 
               0.00 deg.  ~>100- 0-64-43-83-84-96-94-100-95 
              45.00 deg.  ~>100- 0-82-38-94-75-98-89-95-96 
             -90.00 deg.  ~>100- 0-56-58-75-80-94-89-97-93 
             -45.00 deg.  ~>100- 0-80-41-94-75-98-83-98-97 
               0.00 deg.  ~>100- 0-64-43-83-84-96-94-100-95 
              45.00 deg.  ~>100- 0-82-38-94-75-98-89-95-96 
          nc1 =      173
          Independent levels:  1[2]
          Independent levels for angular sector   1 / class   1:  1[2]
          Independent levels for angular sector   1 / class   2:  1[2]
          Independent levels for angular sector   1 / class   3:  1[2]
          Independent levels for angular sector   1 / class   4:  1[2]
          Independent levels for angular sector   1 / class   5:  1[2]
          Independent levels for angular sector   1 / class   6:  1[2]
          Independent levels for angular sector   1 / class   7:  1[2]
          Independent levels for angular sector   1 / class   8:  1[2]
          Independent levels for angular sector   1 / class   9:  1[2]
          Independent levels for angular sector   1 / class  10:  1[2]
          Independent levels for angular sector   2 / class   1:  1[2]
          Independent levels for angular sector   2 / class   2:  1[2]
          Independent levels for angular sector   2 / class   3:  1[2]
          Independent levels for angular sector   2 / class   4:  1[2]
          Independent levels for angular sector   2 / class   5:  1[2]
          Independent levels for angular sector   2 / class   6:  1[2]
          Independent levels for angular sector   2 / class   7:  1[2]
          Independent levels for angular sector   2 / class   8:  1[2]
          Independent levels for angular sector   2 / class   9:  1[2]
          Independent levels for angular sector   2 / class  10:  1[2]
          Independent levels for angular sector   3 / class   1:  1[2]
          Independent levels for angular sector   3 / class   2:  1[2]
          Independent levels for angular sector   3 / class   3:  1[2]
          Independent levels for angular sector   3 / class   4:  1[2]
          Independent levels for angular sector   3 / class   5:  1[2]
          Independent levels for angular sector   3 / class   6:  1[2]
          Independent levels for angular sector   3 / class   7:  1[2]
          Independent levels for angular sector   3 / class   8:  1[2]
          Independent levels for angular sector   3 / class   9:  1[2]
          Independent levels for angular sector   3 / class  10:  1[2]
          Independent levels for angular sector   4 / class   1:  1[2]
          Independent levels for angular sector   4 / class   2:  1[2]
          Independent levels for angular sector   4 / class   3:  1[2]
          Independent levels for angular sector   4 / class   4:  1[2]
          Independent levels for angular sector   4 / class   5:  1[2]
          Independent levels for angular sector   4 / class   6:  1[2]
          Independent levels for angular sector   4 / class   7:  1[2]
          Independent levels for angular sector   4 / class   8:  1[2]
          Independent levels for angular sector   4 / class   9:  1[2]
          Independent levels for angular sector   4 / class  10:  1[2]
                Level:   1 ~> cov. at class zero:  0.98E+00
                Level:   2 ~> cov. at class zero:  0.97E+00
             Block stream_function:  0.18640636E+00 for      144 diagnostic points
                   Level:   1 ~> amplitude:        0.53
                                 cor. hor. support:      4620.01 km
                                 cor. ver. support:         8.02 vertical units
                   Level:   2 ~> amplitude:        0.55
                                 cor. hor. support:      4468.24 km
                                 cor. ver. support:         7.68 vertical units
                   Level:   1 ~> amplitude:        0.47
                                 cor. hor. support:      2598.02 km
                                 cor. ver. support:         0.80 vertical units
                   Level:   2 ~> amplitude:        0.45
                                 cor. hor. support:      2512.68 km
                                 cor. ver. support:         0.77 vertical units
             Effective levels:   1   2 
                Horizontal support radius:    4620.01 km (   4620.01 km -    4620.01 km)
                Estimated nc1 from horizontal support radius:      441
                   Decimate full grid, at least      173 points required,     173 valid points found
                   Subgrid hash:   1239477474
                Final nc1:      173
                Effective horizontal resolution:  2.50
                Horizontal support radius:    4468.24 km (   4468.24 km -    4468.24 km)
                Estimated nc1 from horizontal support radius:      472
                   Decimate full grid, at least      173 points required,     173 valid points found
                   Subgrid hash:   1239477474
                Final nc1:      173
                Effective horizontal resolution:  2.42
             nc1(  1) =                        173
             nc1(  2) =                        173
             ns =                              346
             v%n_s =                             2
             c%n_s[global] =                  3787
             Effective levels:   1   2 
                Horizontal support radius:    2598.02 km (   2598.02 km -    2598.02 km)
                Estimated nc1 from horizontal support radius:     1396
                   Decimate full grid, at least      173 points required,     173 valid points found
                   Subgrid hash:   1239477474
                Final nc1:      173
                Effective horizontal resolution:  1.41
                Horizontal support radius:    2512.68 km (   2512.68 km -    2512.68 km)
                Estimated nc1 from horizontal support radius:     1492
                   Decimate full grid, at least      173 points required,     173 valid points found
                   Subgrid hash:   1239477474
                Final nc1:      173
                Effective horizontal resolution:  1.36
             nc1(  1) =                        173
             nc1(  2) =                        173
             ns =                              346
             v%n_s =                             2
             c%n_s[global] =                   356
    Full NICAS adjoint test result:                        T
       Block NICAS adjoint test result:                    T
          Interpolation adjoint test (horizontal) result:  T
          Interpolation adjoint test (vertical) result:    T
          Interpolation adjoint test (total) result:       T
          Communication AB adjoint test result:            T
          Communication AC adjoint test result:            T
          Convolution / communication adjoint test result: T
          Component NICAS adjoint test result:             T
          Interpolation adjoint test (horizontal) result:  T
          Interpolation adjoint test (vertical) result:    T
          Interpolation adjoint test (total) result:       T
          Communication AB adjoint test result:            T
          Communication AC adjoint test result:            T
          Convolution / communication adjoint test result: T
          Component NICAS adjoint test result:             T
             Min / max: 1.0000000 /  1.0000000 over     10 tests
             Min / max: 1.0000000 /  1.0000000 over     10 tests
             Min / max: 1.0000000 /  1.0000000 over     10 tests
             0.0 /    0.0:  1.0000000
          Level   1:  0.0000000 -  1.0000000
          Level   2:  0.0000000 -  0.5146125
Norm of output parameter dirac_mom - 1: 4.5208026413703237e+00
Norm of output parameter dirac_diag_cor - 1: 1.3254455706414812e+00
Norm of output parameter cor_a - 1: 1.0053307064801780e+01
Norm of output parameter cor_a - 2: 8.5492571232578829e+00
Norm of output parameter cor_rh1 - 1: 7.4128976964656800e+07
Norm of output parameter cor_rh1 - 2: 4.1685787141351379e+07
Norm of output parameter cor_rh2 - 1: 9.6835809316004544e+07
Norm of output parameter cor_rh2 - 2: 5.4454777336695857e+07
Norm of output parameter cor_rhc - 1: 1.7301633952731070e+00
Norm of output parameter cor_rhc - 2: 1.7301633952731070e+00
Norm of output parameter cor_rh - 1: 8.4537353547803074e+07
Norm of output parameter cor_rh - 2: 4.7538847422203615e+07
Norm of output parameter cor_rv - 1: 1.4603893079297842e+02
Norm of output parameter cor_rv - 2: 1.4603893079355771e+01
Norm of output parameter nicas_norm - 1: 1.8601075237738275e+01
