       Independent levels:  1[2]
          Subset Sc0 size:              762
          Domain area (% of Earth area): 0.100E+03%
             Level   1 ~> 100.0%
             Level   2 ~> 100.0%
             Level   1 ~>  0.100E+01 vert. coord.
             Level   2 ~>  0.200E+01 vert. coord.
          Norm of stream_function:  0.39171027E+02
          Norm of velocity_potential:  0.35816043E+02
          Norm of stream_function:  0.37707674E+02
          Norm of velocity_potential:  0.38752265E+02
          Norm of stream_function:  0.35596621E+02
          Norm of velocity_potential:  0.37369329E+02
          Norm of stream_function:  0.39823366E+02
          Norm of velocity_potential:  0.38955318E+02
          Norm of stream_function:  0.38008020E+02
          Norm of velocity_potential:  0.36916165E+02
          Norm of stream_function:  0.41155886E+02
          Norm of velocity_potential:  0.40344821E+02
          Norm of stream_function:  0.37113390E+02
          Norm of velocity_potential:  0.37938598E+02
          Norm of stream_function:  0.40658328E+02
          Norm of velocity_potential:  0.39208640E+02
          Norm of stream_function:  0.41226639E+02
          Norm of velocity_potential:  0.42867488E+02
          Norm of stream_function:  0.37086891E+02
          Norm of velocity_potential:  0.39063753E+02
          Norm of stream_function:  0.39253959E+02
          Norm of velocity_potential:  0.38147754E+02
          Norm of stream_function:  0.39598878E+02
          Norm of velocity_potential:  0.43253163E+02
          Norm of stream_function:  0.39321560E+02
          Norm of velocity_potential:  0.42447419E+02
          Norm of stream_function:  0.43332440E+02
          Norm of velocity_potential:  0.35672024E+02
          Norm of stream_function:  0.38019463E+02
          Norm of velocity_potential:  0.39556287E+02
          Norm of stream_function:  0.39844396E+02
          Norm of velocity_potential:  0.39328910E+02
          Norm of stream_function:  0.42242995E+02
          Norm of velocity_potential:  0.40827425E+02
          Norm of stream_function:  0.40338390E+02
          Norm of velocity_potential:  0.37180112E+02
          Norm of stream_function:  0.37369555E+02
          Norm of velocity_potential:  0.34981233E+02
          Norm of stream_function:  0.38970253E+02
          Norm of velocity_potential:  0.34560059E+02
          Norm of stream_function:  0.34363571E+02
          Norm of velocity_potential:  0.38090977E+02
          Norm of stream_function:  0.39936290E+02
          Norm of velocity_potential:  0.39058726E+02
          Norm of stream_function:  0.40435966E+02
          Norm of velocity_potential:  0.40404803E+02
          Norm of stream_function:  0.40448139E+02
          Norm of velocity_potential:  0.37038918E+02
          Norm of stream_function:  0.38623021E+02
          Norm of velocity_potential:  0.37037947E+02
          Level   1 ~> 100.0%
          Level   2 ~> 100.0%
          Decimate full grid, at least      500 points required,     762 valid points found
          Subgrid hash:   -130003308
             -90.00 deg.  ~>100-100- 2-100-100-100-100-99-100-100 
             -45.00 deg.  ~>100-33-99-100-100-100-100-99-100-100 
               0.00 deg.  ~>100-100-91-68-100-100-100-91-100-100 
              45.00 deg.  ~>100-33-99-100-100-100-100-99-100-100 
             -90.00 deg.  ~>100-100- 2-100-100-100-100-99-100-100 
             -45.00 deg.  ~>100-33-99-100-100-100-100-99-100-100 
               0.00 deg.  ~>100-100-91-68-100-100-100-91-100-100 
              45.00 deg.  ~>100-33-99-100-100-100-100-99-100-100 
          nc1 =      500
          Independent levels:  1[2]
          Independent levels for angular sector   1 / class   1:  1[2]
          Independent levels for angular sector   1 / class   2:  1[2]
          Independent levels for angular sector   1 / class   3:  1[2]
          Independent levels for angular sector   1 / class   4:  1[2]
          Independent levels for angular sector   1 / class   5:  1[2]
          Independent levels for angular sector   1 / class   6:  1[2]
          Independent levels for angular sector   1 / class   7:  1[2]
          Independent levels for angular sector   1 / class   8:  1[2]
          Independent levels for angular sector   1 / class   9:  1[2]
          Independent levels for angular sector   1 / class  10:  1[2]
          Independent levels for angular sector   2 / class   1:  1[2]
          Independent levels for angular sector   2 / class   2:  1[2]
          Independent levels for angular sector   2 / class   3:  1[2]
          Independent levels for angular sector   2 / class   4:  1[2]
          Independent levels for angular sector   2 / class   5:  1[2]
          Independent levels for angular sector   2 / class   6:  1[2]
          Independent levels for angular sector   2 / class   7:  1[2]
          Independent levels for angular sector   2 / class   8:  1[2]
          Independent levels for angular sector   2 / class   9:  1[2]
          Independent levels for angular sector   2 / class  10:  1[2]
          Independent levels for angular sector   3 / class   1:  1[2]
          Independent levels for angular sector   3 / class   2:  1[2]
          Independent levels for angular sector   3 / class   3:  1[2]
          Independent levels for angular sector   3 / class   4:  1[2]
          Independent levels for angular sector   3 / class   5:  1[2]
          Independent levels for angular sector   3 / class   6:  1[2]
          Independent levels for angular sector   3 / class   7:  1[2]
          Independent levels for angular sector   3 / class   8:  1[2]
          Independent levels for angular sector   3 / class   9:  1[2]
          Independent levels for angular sector   3 / class  10:  1[2]
          Independent levels for angular sector   4 / class   1:  1[2]
          Independent levels for angular sector   4 / class   2:  1[2]
          Independent levels for angular sector   4 / class   3:  1[2]
          Independent levels for angular sector   4 / class   4:  1[2]
          Independent levels for angular sector   4 / class   5:  1[2]
          Independent levels for angular sector   4 / class   6:  1[2]
          Independent levels for angular sector   4 / class   7:  1[2]
          Independent levels for angular sector   4 / class   8:  1[2]
          Independent levels for angular sector   4 / class   9:  1[2]
          Independent levels for angular sector   4 / class  10:  1[2]
                Level:   1 ~> cov. at class zero:  0.99E+00
                Level:   2 ~> cov. at class zero:  0.10E+01
                Level:   1 ~> cov. at class zero:  0.97E+00
                Level:   2 ~> cov. at class zero:  0.10E+01
             Block stream_function:  0.16384321E+00 for      160 diagnostic points
             Block velocity_potential:  0.17969883E+00 for      160 diagnostic points
                   Level:   1 ~> amplitude:        0.77
                                 cor. hor. support:      3606.62 km
                                 cor. ver. support:         3.93 vertical units
                   Level:   2 ~> amplitude:        0.76
                                 cor. hor. support:      3780.24 km
                                 cor. ver. support:         4.04 vertical units
                   Level:   1 ~> amplitude:        0.23
                                 cor. hor. support:      2028.15 km
                                 cor. ver. support:         0.39 vertical units
                   Level:   2 ~> amplitude:        0.24
                                 cor. hor. support:      2125.78 km
                                 cor. ver. support:         0.40 vertical units
                   Level:   1 ~> amplitude:        0.73
                                 cor. hor. support:      3942.95 km
                                 cor. ver. support:         4.16 vertical units
                   Level:   2 ~> amplitude:        0.78
                                 cor. hor. support:      3580.57 km
                                 cor. ver. support:         3.76 vertical units
                   Level:   1 ~> amplitude:        0.27
                                 cor. hor. support:      2217.28 km
                                 cor. ver. support:         0.42 vertical units
                   Level:   2 ~> amplitude:        0.22
                                 cor. hor. support:      2013.50 km
                                 cor. ver. support:         0.38 vertical units
             Effective levels:   1   2 
                Horizontal support radius:    3606.62 km (   3606.62 km -    3606.62 km)
                Estimated nc1 from horizontal support radius:      724
                   Decimate full grid, at least      724 points required,     762 valid points found
                   Subgrid hash:    402834083
                Final nc1:      724
                Effective horizontal resolution:  4.00
                Horizontal support radius:    3780.24 km (   3780.24 km -    3780.24 km)
                Estimated nc1 from horizontal support radius:      659
                   Decimate full grid, at least      659 points required,     762 valid points found
                   Subgrid hash:   2144633445
                Final nc1:      659
                Effective horizontal resolution:  4.00
             nc1(  1) =                        724
             nc1(  2) =                        659
             ns =                             1383
             v%n_s =                             2
             c%n_s[global] =                 36459
             Effective levels:   1   2 
                Horizontal support radius:    2028.15 km (   2028.15 km -    2028.15 km)
                Estimated nc1 from horizontal support radius:     2291
                   Decimate full grid, at least      762 points required,     762 valid points found
                   Subgrid hash:   1550418632
                Final nc1:      762
                Effective horizontal resolution:  2.31
                Horizontal support radius:    2125.78 km (   2125.78 km -    2125.78 km)
                Estimated nc1 from horizontal support radius:     2085
                   Decimate full grid, at least      762 points required,     762 valid points found
                   Subgrid hash:   1550418632
                Final nc1:      762
                Effective horizontal resolution:  2.42
             nc1(  1) =                        762
             nc1(  2) =                        762
             ns =                             1524
             v%n_s =                             2
             c%n_s[global] =                  8326
             Effective levels:   1   2 
                Horizontal support radius:    3942.95 km (   3942.95 km -    3942.95 km)
                Estimated nc1 from horizontal support radius:      606
                   Decimate full grid, at least      606 points required,     762 valid points found
                   Subgrid hash:   -718670490
                Final nc1:      606
                Effective horizontal resolution:  4.00
                Horizontal support radius:    3580.57 km (   3580.57 km -    3580.57 km)
                Estimated nc1 from horizontal support radius:      735
                   Decimate full grid, at least      735 points required,     762 valid points found
                   Subgrid hash:    559345530
                Final nc1:      735
                Effective horizontal resolution:  4.00
             nc1(  1) =                        606
             nc1(  2) =                        735
             ns =                             1341
             v%n_s =                             2
             c%n_s[global] =                 35124
             Effective levels:   1   2 
                Horizontal support radius:    2217.28 km (   2217.28 km -    2217.28 km)
                Estimated nc1 from horizontal support radius:     1916
                   Decimate full grid, at least      762 points required,     762 valid points found
                   Subgrid hash:   1550418632
                Final nc1:      762
                Effective horizontal resolution:  2.52
                Horizontal support radius:    2013.50 km (   2013.50 km -    2013.50 km)
                Estimated nc1 from horizontal support radius:     2324
                   Decimate full grid, at least      762 points required,     762 valid points found
                   Subgrid hash:   1550418632
                Final nc1:      762
                Effective horizontal resolution:  2.29
             nc1(  1) =                        762
             nc1(  2) =                        762
             ns =                             1524
             v%n_s =                             2
             c%n_s[global] =                  8810
    Full NICAS adjoint test result:                        T
       Block NICAS adjoint test result:                    T
          Interpolation adjoint test (horizontal) result:  T
          Interpolation adjoint test (vertical) result:    T
          Interpolation adjoint test (total) result:       T
          Communication AB adjoint test result:            T
          Communication AC adjoint test result:            T
          Convolution / communication adjoint test result: T
          Component NICAS adjoint test result:             T
          Interpolation adjoint test (horizontal) result:  T
          Interpolation adjoint test (vertical) result:    T
          Interpolation adjoint test (total) result:       T
          Communication AB adjoint test result:            T
          Communication AC adjoint test result:            T
          Convolution / communication adjoint test result: T
          Component NICAS adjoint test result:             T
       Block NICAS adjoint test result:                    T
          Interpolation adjoint test (horizontal) result:  T
          Interpolation adjoint test (vertical) result:    T
          Interpolation adjoint test (total) result:       T
          Communication AB adjoint test result:            T
          Communication AC adjoint test result:            T
          Convolution / communication adjoint test result: T
          Component NICAS adjoint test result:             T
          Interpolation adjoint test (horizontal) result:  T
          Interpolation adjoint test (vertical) result:    T
          Interpolation adjoint test (total) result:       T
          Communication AB adjoint test result:            T
          Communication AC adjoint test result:            T
          Convolution / communication adjoint test result: T
          Component NICAS adjoint test result:             T
             Min / max: 1.0000000 /  1.0000000 over     10 tests
             Min / max: 1.0000000 /  1.0000000 over     10 tests
             Min / max: 1.0000000 /  1.0000000 over     10 tests
             Min / max: 1.0000000 /  1.0000000 over     10 tests
             Min / max: 1.0000000 /  1.0000000 over     10 tests
             Min / max: 1.0000000 /  1.0000000 over     10 tests
             0.0 /    0.0:  1.0000000
          Level   1:  0.0000000 -  1.0000000
          Level   2:  0.0000000 -  0.5878213
             0.0 /    0.0:  0.0000000
          Level   1:  0.0000000 -  0.0000000
          Level   2:  0.0000000 -  0.0000000
Norm of output parameter dirac_mom_cov - 1: 1.2600743110450770e+01
Norm of output parameter dirac_mom_single_obs - 1: 9.8702117424390892e+00
Norm of output parameter dirac_mom - 1: 1.1173894652147396e+01
Norm of output parameter dirac_diag_cor - 1: 1.9708852388743772e+00
Norm of output parameter cor_a - 1: 4.3996762897502187e+01
Norm of output parameter cor_a - 2: 1.4015427618956604e+01
Norm of output parameter cor_rh1 - 1: 2.2208545386097994e+08
Norm of output parameter cor_rh1 - 2: 1.2488782842980643e+08
Norm of output parameter cor_rh2 - 1: 2.1119828782637748e+08
Norm of output parameter cor_rh2 - 2: 1.1876552505433688e+08
Norm of output parameter cor_rhc - 1: 2.2589509860249084e+00
Norm of output parameter cor_rhc - 2: 2.2589509860249084e+00
Norm of output parameter cor_rh - 1: 2.1623778760869130e+08
Norm of output parameter cor_rh - 2: 1.2159944404022039e+08
Norm of output parameter cor_rv - 1: 2.3032468887227949e+02
Norm of output parameter cor_rv - 2: 2.3032468887318970e+01
Norm of output parameter nicas_norm - 1: 5.8789814743349126e+01
