       Independent levels:  1[2]
          Subset Sc0 size:              762
          Min. / max. longitudes: -180.0 /   180.0
          Min. / max. latitudes:   -90.0 /    90.0
          Domain area (% of Earth area): 0.100E+03%
             Level   1 ~> 100.0%
             Level   2 ~> 100.0%
             Level   1 ~>  0.100E+01 vert. coord.
             Level   2 ~>  0.200E+01 vert. coord.
          Norm of stream_function:  0.37870111E+02
          Norm of velocity_potential:  0.35347471E+02
          Norm of stream_function:  0.38096372E+02
          Norm of velocity_potential:  0.38896022E+02
          Norm of stream_function:  0.36129537E+02
          Norm of velocity_potential:  0.37116972E+02
          Norm of stream_function:  0.39632880E+02
          Norm of velocity_potential:  0.38294662E+02
          Norm of stream_function:  0.38058989E+02
          Norm of velocity_potential:  0.36435009E+02
          Norm of stream_function:  0.41448773E+02
          Norm of velocity_potential:  0.41298459E+02
          Norm of stream_function:  0.37671290E+02
          Norm of velocity_potential:  0.37829515E+02
          Norm of stream_function:  0.40491255E+02
          Norm of velocity_potential:  0.39079139E+02
          Norm of stream_function:  0.40315731E+02
          Norm of velocity_potential:  0.43770342E+02
          Norm of stream_function:  0.36519376E+02
          Norm of velocity_potential:  0.37933685E+02
          Norm of stream_function:  0.40150699E+02
          Norm of velocity_potential:  0.38193798E+02
          Norm of stream_function:  0.38959471E+02
          Norm of velocity_potential:  0.43305709E+02
          Norm of stream_function:  0.38542723E+02
          Norm of velocity_potential:  0.42712978E+02
          Norm of stream_function:  0.43801617E+02
          Norm of velocity_potential:  0.35549421E+02
          Norm of stream_function:  0.40283757E+02
          Norm of velocity_potential:  0.39889277E+02
          Norm of stream_function:  0.40713553E+02
          Norm of velocity_potential:  0.38514214E+02
          Norm of stream_function:  0.41665986E+02
          Norm of velocity_potential:  0.40447974E+02
          Norm of stream_function:  0.39824303E+02
          Norm of velocity_potential:  0.38298281E+02
          Norm of stream_function:  0.36355664E+02
          Norm of velocity_potential:  0.34542186E+02
          Norm of stream_function:  0.38317322E+02
          Norm of velocity_potential:  0.34609840E+02
          Norm of stream_function:  0.33238330E+02
          Norm of velocity_potential:  0.38274471E+02
          Norm of stream_function:  0.39879333E+02
          Norm of velocity_potential:  0.39713275E+02
          Norm of stream_function:  0.40311087E+02
          Norm of velocity_potential:  0.40438474E+02
          Norm of stream_function:  0.40428101E+02
          Norm of velocity_potential:  0.37085850E+02
          Norm of stream_function:  0.38913594E+02
          Norm of velocity_potential:  0.37288515E+02
          Level   1 ~> 100.0%
          Level   2 ~> 100.0%
          Decimate full grid, at least      500 points required,     762 valid points found
          Subgrid hash:   -130003308
             -90.00 deg.  ~>100-100- 2-100-100-100-100-99-100-100 
             -45.00 deg.  ~>100-33-99-100-100-100-100-99-100-100 
               0.00 deg.  ~>100-100-91-68-100-100-100-91-100-100 
              45.00 deg.  ~>100-33-99-100-100-100-100-99-100-100 
             -90.00 deg.  ~>100-100- 2-100-100-100-100-99-100-100 
             -45.00 deg.  ~>100-33-99-100-100-100-100-99-100-100 
               0.00 deg.  ~>100-100-91-68-100-100-100-91-100-100 
              45.00 deg.  ~>100-33-99-100-100-100-100-99-100-100 
          nc1 =      500
          Independent levels:  1[2]
          Independent levels for angular sector   1 / class   1:  1[2]
          Independent levels for angular sector   1 / class   2:  1[2]
          Independent levels for angular sector   1 / class   3:  1[2]
          Independent levels for angular sector   1 / class   4:  1[2]
          Independent levels for angular sector   1 / class   5:  1[2]
          Independent levels for angular sector   1 / class   6:  1[2]
          Independent levels for angular sector   1 / class   7:  1[2]
          Independent levels for angular sector   1 / class   8:  1[2]
          Independent levels for angular sector   1 / class   9:  1[2]
          Independent levels for angular sector   1 / class  10:  1[2]
          Independent levels for angular sector   2 / class   1:  1[2]
          Independent levels for angular sector   2 / class   2:  1[2]
          Independent levels for angular sector   2 / class   3:  1[2]
          Independent levels for angular sector   2 / class   4:  1[2]
          Independent levels for angular sector   2 / class   5:  1[2]
          Independent levels for angular sector   2 / class   6:  1[2]
          Independent levels for angular sector   2 / class   7:  1[2]
          Independent levels for angular sector   2 / class   8:  1[2]
          Independent levels for angular sector   2 / class   9:  1[2]
          Independent levels for angular sector   2 / class  10:  1[2]
          Independent levels for angular sector   3 / class   1:  1[2]
          Independent levels for angular sector   3 / class   2:  1[2]
          Independent levels for angular sector   3 / class   3:  1[2]
          Independent levels for angular sector   3 / class   4:  1[2]
          Independent levels for angular sector   3 / class   5:  1[2]
          Independent levels for angular sector   3 / class   6:  1[2]
          Independent levels for angular sector   3 / class   7:  1[2]
          Independent levels for angular sector   3 / class   8:  1[2]
          Independent levels for angular sector   3 / class   9:  1[2]
          Independent levels for angular sector   3 / class  10:  1[2]
          Independent levels for angular sector   4 / class   1:  1[2]
          Independent levels for angular sector   4 / class   2:  1[2]
          Independent levels for angular sector   4 / class   3:  1[2]
          Independent levels for angular sector   4 / class   4:  1[2]
          Independent levels for angular sector   4 / class   5:  1[2]
          Independent levels for angular sector   4 / class   6:  1[2]
          Independent levels for angular sector   4 / class   7:  1[2]
          Independent levels for angular sector   4 / class   8:  1[2]
          Independent levels for angular sector   4 / class   9:  1[2]
          Independent levels for angular sector   4 / class  10:  1[2]
                Level:   1 ~> cov. at class zero:  0.99E+00
                Level:   2 ~> cov. at class zero:  0.10E+01
                Level:   1 ~> cov. at class zero:  0.98E+00
                Level:   2 ~> cov. at class zero:  0.10E+01
             Block stream_function:  0.18447273E+00 for      160 diagnostic points
             Block velocity_potential:  0.20023753E+00 for      160 diagnostic points
                   Level:   1 ~> amplitude:        0.72
                                 cor. hor. support:      4128.04 km
                                 cor. ver. support:         4.94 vertical units
                   Level:   2 ~> amplitude:        0.71
                                 cor. hor. support:      4339.49 km
                                 cor. ver. support:         5.19 vertical units
                   Level:   1 ~> amplitude:        0.28
                                 cor. hor. support:      2321.37 km
                                 cor. ver. support:         0.49 vertical units
                   Level:   2 ~> amplitude:        0.29
                                 cor. hor. support:      2440.28 km
                                 cor. ver. support:         0.52 vertical units
                   Level:   1 ~> amplitude:        0.75
                                 cor. hor. support:      4169.66 km
                                 cor. ver. support:         4.23 vertical units
                   Level:   2 ~> amplitude:        0.74
                                 cor. hor. support:      4082.23 km
                                 cor. ver. support:         4.65 vertical units
                   Level:   1 ~> amplitude:        0.25
                                 cor. hor. support:      2344.77 km
                                 cor. ver. support:         0.42 vertical units
                   Level:   2 ~> amplitude:        0.26
                                 cor. hor. support:      2295.61 km
                                 cor. ver. support:         0.47 vertical units
             Effective levels:   1   2 
                Horizontal support radius:    4128.04 km (   4128.04 km -    4128.04 km)
                Estimated nc1 from horizontal support radius:      553
                   Decimate full grid, at least      553 points required,     762 valid points found
                   Subgrid hash:   1294487239
                Final nc1:      553
                Effective horizontal resolution:  4.00
                Horizontal support radius:    4339.49 km (   4339.49 km -    4339.49 km)
                Estimated nc1 from horizontal support radius:      500
                   Decimate full grid, at least      500 points required,     762 valid points found
                   Subgrid hash:   -130003308
                Final nc1:      500
                Effective horizontal resolution:  4.00
             nc1(  1) =                        553
             nc1(  2) =                        500
             ns =                             1053
             v%n_s =                             2
             c%n_s[global] =                 29826
             Effective levels:   1   2 
                Horizontal support radius:    2321.37 km (   2321.37 km -    2321.37 km)
                Estimated nc1 from horizontal support radius:     1748
                   Decimate full grid, at least      762 points required,     762 valid points found
                   Subgrid hash:   1550418632
                Final nc1:      762
                Effective horizontal resolution:  2.64
                Horizontal support radius:    2440.28 km (   2440.28 km -    2440.28 km)
                Estimated nc1 from horizontal support radius:     1582
                   Decimate full grid, at least      762 points required,     762 valid points found
                   Subgrid hash:   1550418632
                Final nc1:      762
                Effective horizontal resolution:  2.78
             nc1(  1) =                        762
             nc1(  2) =                        762
             ns =                             1524
             v%n_s =                             2
             c%n_s[global] =                 13960
             Effective levels:   1   2 
                Horizontal support radius:    4169.66 km (   4169.66 km -    4169.66 km)
                Estimated nc1 from horizontal support radius:      542
                   Decimate full grid, at least      542 points required,     762 valid points found
                   Subgrid hash:    423880792
                Final nc1:      542
                Effective horizontal resolution:  4.00
                Horizontal support radius:    4082.23 km (   4082.23 km -    4082.23 km)
                Estimated nc1 from horizontal support radius:      565
                   Decimate full grid, at least      565 points required,     762 valid points found
                   Subgrid hash:   1569382919
                Final nc1:      565
                Effective horizontal resolution:  4.00
             nc1(  1) =                        542
             nc1(  2) =                        565
             ns =                             1107
             v%n_s =                             2
             c%n_s[global] =                 30525
             Effective levels:   1   2 
                Horizontal support radius:    2344.77 km (   2344.77 km -    2344.77 km)
                Estimated nc1 from horizontal support radius:     1714
                   Decimate full grid, at least      762 points required,     762 valid points found
                   Subgrid hash:   1550418632
                Final nc1:      762
                Effective horizontal resolution:  2.67
                Horizontal support radius:    2295.61 km (   2295.61 km -    2295.61 km)
                Estimated nc1 from horizontal support radius:     1788
                   Decimate full grid, at least      762 points required,     762 valid points found
                   Subgrid hash:   1550418632
                Final nc1:      762
                Effective horizontal resolution:  2.61
             nc1(  1) =                        762
             nc1(  2) =                        762
             ns =                             1524
             v%n_s =                             2
             c%n_s[global] =                 13718
    Full NICAS adjoint test result:                        T
       Block NICAS adjoint test result:                    T
          Interpolation adjoint test (horizontal) result:  T
          Interpolation adjoint test (vertical) result:    T
          Interpolation adjoint test (total) result:       T
          Communication AB adjoint test result:            T
          Communication AC adjoint test result:            T
          Convolution / communication adjoint test result: T
          Component NICAS adjoint test result:             T
          Interpolation adjoint test (horizontal) result:  T
          Interpolation adjoint test (vertical) result:    T
          Interpolation adjoint test (total) result:       T
          Communication AB adjoint test result:            T
          Communication AC adjoint test result:            T
          Convolution / communication adjoint test result: T
          Component NICAS adjoint test result:             T
       Block NICAS adjoint test result:                    T
          Interpolation adjoint test (horizontal) result:  T
          Interpolation adjoint test (vertical) result:    T
          Interpolation adjoint test (total) result:       T
          Communication AB adjoint test result:            T
          Communication AC adjoint test result:            T
          Convolution / communication adjoint test result: T
          Component NICAS adjoint test result:             T
          Interpolation adjoint test (horizontal) result:  T
          Interpolation adjoint test (vertical) result:    T
          Interpolation adjoint test (total) result:       T
          Communication AB adjoint test result:            T
          Communication AC adjoint test result:            T
          Convolution / communication adjoint test result: T
          Component NICAS adjoint test result:             T
             Min / max: 1.0000000 /  1.0000000 over     10 tests
             Min / max: 1.0000000 /  1.0000000 over     10 tests
             Min / max: 1.0000000 /  1.0000000 over     10 tests
             Min / max: 1.0000000 /  1.0000000 over     10 tests
             Min / max: 1.0000000 /  1.0000000 over     10 tests
             Min / max: 1.0000000 /  1.0000000 over     10 tests
             0.0 /    0.0:  1.0000000
          Level   1:  0.0000000 -  1.0000000
          Level   2:  0.0000000 -  0.6334295
             0.0 /    0.0:  0.0000000
          Level   1:  0.0000000 -  0.0000000
          Level   2:  0.0000000 -  0.0000000
Norm of output parameter dirac_mom_cov - 1: 1.4815235254391423e+01
Norm of output parameter dirac_mom_single_obs - 1: 9.4957515532060626e+00
Norm of output parameter dirac_mom - 1: 1.1810192991624243e+01
Norm of output parameter dirac_diag_cor - 1: 2.2496977957593240e+00
Norm of output parameter cor_a - 1: 4.2336977193041456e+01
Norm of output parameter cor_a - 2: 1.5657837636639481e+01
Norm of output parameter cor_rh1 - 1: 2.0806830426388952e+08
Norm of output parameter cor_rh1 - 2: 1.1700540594997911e+08
Norm of output parameter cor_rh2 - 1: 2.8262762916624075e+08
Norm of output parameter cor_rh2 - 2: 1.5893319552090874e+08
Norm of output parameter cor_rhc - 1: 1.6675225731536638e+00
Norm of output parameter cor_rhc - 2: 1.6675225731536638e+00
Norm of output parameter cor_rh - 1: 2.4235287450180620e+08
Norm of output parameter cor_rh - 2: 1.3628503661116999e+08
Norm of output parameter cor_rv - 1: 2.7638163733791657e+02
Norm of output parameter cor_rv - 2: 2.7638163733901319e+01
Norm of output parameter nicas_norm - 1: 5.9399923574089613e+01
