       Independent levels:  1[2]
          Subset Sc0 size:              762
          Domain area (% of Earth area): 0.100E+03%
             Level   1 ~> 100.0%
             Level   2 ~> 100.0%
             Level   1 ~>  0.100E+01 vert. coord.
             Level   2 ~>  0.200E+01 vert. coord.
          Norm of stream_function:  0.37955976E+02
          Norm of velocity_potential:  0.35550830E+02
          Norm of surface_pressure:  0.27635314E+02
          Norm of stream_function:  0.37318938E+02
          Norm of velocity_potential:  0.37528306E+02
          Norm of surface_pressure:  0.25906216E+02
          Norm of stream_function:  0.35288688E+02
          Norm of velocity_potential:  0.37132560E+02
          Norm of surface_pressure:  0.25966544E+02
          Norm of stream_function:  0.38558384E+02
          Norm of velocity_potential:  0.37669762E+02
          Norm of surface_pressure:  0.28499597E+02
          Norm of stream_function:  0.37289442E+02
          Norm of velocity_potential:  0.35696191E+02
          Norm of surface_pressure:  0.24666266E+02
          Norm of stream_function:  0.40453759E+02
          Norm of velocity_potential:  0.39600673E+02
          Norm of surface_pressure:  0.23918966E+02
          Norm of stream_function:  0.36403143E+02
          Norm of velocity_potential:  0.36524768E+02
          Norm of surface_pressure:  0.28453900E+02
          Norm of stream_function:  0.41709180E+02
          Norm of velocity_potential:  0.37881133E+02
          Norm of surface_pressure:  0.29420843E+02
          Norm of stream_function:  0.40087819E+02
          Norm of velocity_potential:  0.41939667E+02
          Norm of surface_pressure:  0.25873724E+02
          Norm of stream_function:  0.35533473E+02
          Norm of velocity_potential:  0.39350777E+02
          Norm of surface_pressure:  0.24785116E+02
          Norm of stream_function:  0.37892202E+02
          Norm of velocity_potential:  0.37868819E+02
          Norm of surface_pressure:  0.26713126E+02
          Norm of stream_function:  0.39394438E+02
          Norm of velocity_potential:  0.42432021E+02
          Norm of surface_pressure:  0.26098820E+02
          Norm of stream_function:  0.39891410E+02
          Norm of velocity_potential:  0.42286388E+02
          Norm of surface_pressure:  0.26770841E+02
          Norm of stream_function:  0.42237628E+02
          Norm of velocity_potential:  0.35312887E+02
          Norm of surface_pressure:  0.24250696E+02
          Norm of stream_function:  0.36847820E+02
          Norm of velocity_potential:  0.38354213E+02
          Norm of surface_pressure:  0.26279233E+02
          Norm of stream_function:  0.39104007E+02
          Norm of velocity_potential:  0.37490026E+02
          Norm of surface_pressure:  0.25730167E+02
          Norm of stream_function:  0.40799882E+02
          Norm of velocity_potential:  0.39979240E+02
          Norm of surface_pressure:  0.24948219E+02
          Norm of stream_function:  0.39035668E+02
          Norm of velocity_potential:  0.37591435E+02
          Norm of surface_pressure:  0.29376150E+02
          Norm of stream_function:  0.37169967E+02
          Norm of velocity_potential:  0.34612708E+02
          Norm of surface_pressure:  0.27624179E+02
          Norm of stream_function:  0.38917347E+02
          Norm of velocity_potential:  0.34079061E+02
          Norm of surface_pressure:  0.23791338E+02
          Norm of stream_function:  0.34520982E+02
          Norm of velocity_potential:  0.37824212E+02
          Norm of surface_pressure:  0.26486722E+02
          Norm of stream_function:  0.38106704E+02
          Norm of velocity_potential:  0.38138243E+02
          Norm of surface_pressure:  0.26464521E+02
          Norm of stream_function:  0.38983946E+02
          Norm of velocity_potential:  0.39296465E+02
          Norm of surface_pressure:  0.28458938E+02
          Norm of stream_function:  0.39919104E+02
          Norm of velocity_potential:  0.36039587E+02
          Norm of surface_pressure:  0.25233918E+02
          Norm of stream_function:  0.38869054E+02
          Norm of velocity_potential:  0.35786724E+02
          Norm of surface_pressure:  0.27298297E+02
          Level   1 ~> 100.0%
          Level   2 ~> 100.0%
          Profile A computed at lon/lat:    0.0 /    0.0
          Profile B computed at lon/lat:  -18.0 /   54.0
          Profile C computed at lon/lat: -126.0 /  -63.0
          Decimate full grid, at least      500 points required,     762 valid points found
          Subgrid hash:   -130003308
          Decimate full grid, at least      247 points required,     759 valid points found
          Subgrid hash:  -1105131703
             -90.00 deg.  ~>100-100- 2-100-100-100-100-99-100-100 
             -45.00 deg.  ~>100-33-99-100-100-100-100-99-100-100 
               0.00 deg.  ~>100-100-91-68-100-100-100-91-100-100 
              45.00 deg.  ~>100-33-99-100-100-100-100-99-100-100 
             -90.00 deg.  ~>100-100- 2-100-100-100-100-99-100-100 
             -45.00 deg.  ~>100-33-99-100-100-100-100-99-100-100 
               0.00 deg.  ~>100-100-91-68-100-100-100-91-100-100 
              45.00 deg.  ~>100-33-99-100-100-100-100-99-100-100 
          nc1 =      500
          nc2 =      250
          Independent levels:  1[2]
          Independent levels for angular sector   1 / class   1:  1[2]
          Independent levels for angular sector   1 / class   2:  1[2]
          Independent levels for angular sector   1 / class   3:  1[2]
          Independent levels for angular sector   1 / class   4:  1[2]
          Independent levels for angular sector   1 / class   5:  1[2]
          Independent levels for angular sector   1 / class   6:  1[2]
          Independent levels for angular sector   1 / class   7:  1[2]
          Independent levels for angular sector   1 / class   8:  1[2]
          Independent levels for angular sector   1 / class   9:  1[2]
          Independent levels for angular sector   1 / class  10:  1[2]
          Independent levels for angular sector   2 / class   1:  1[2]
          Independent levels for angular sector   2 / class   2:  1[2]
          Independent levels for angular sector   2 / class   3:  1[2]
          Independent levels for angular sector   2 / class   4:  1[2]
          Independent levels for angular sector   2 / class   5:  1[2]
          Independent levels for angular sector   2 / class   6:  1[2]
          Independent levels for angular sector   2 / class   7:  1[2]
          Independent levels for angular sector   2 / class   8:  1[2]
          Independent levels for angular sector   2 / class   9:  1[2]
          Independent levels for angular sector   2 / class  10:  1[2]
          Independent levels for angular sector   3 / class   1:  1[2]
          Independent levels for angular sector   3 / class   2:  1[2]
          Independent levels for angular sector   3 / class   3:  1[2]
          Independent levels for angular sector   3 / class   4:  1[2]
          Independent levels for angular sector   3 / class   5:  1[2]
          Independent levels for angular sector   3 / class   6:  1[2]
          Independent levels for angular sector   3 / class   7:  1[2]
          Independent levels for angular sector   3 / class   8:  1[2]
          Independent levels for angular sector   3 / class   9:  1[2]
          Independent levels for angular sector   3 / class  10:  1[2]
          Independent levels for angular sector   4 / class   1:  1[2]
          Independent levels for angular sector   4 / class   2:  1[2]
          Independent levels for angular sector   4 / class   3:  1[2]
          Independent levels for angular sector   4 / class   4:  1[2]
          Independent levels for angular sector   4 / class   5:  1[2]
          Independent levels for angular sector   4 / class   6:  1[2]
          Independent levels for angular sector   4 / class   7:  1[2]
          Independent levels for angular sector   4 / class   8:  1[2]
          Independent levels for angular sector   4 / class   9:  1[2]
          Independent levels for angular sector   4 / class  10:  1[2]
                Level:   1 ~> cov. at class zero:  0.99E+00
                Level:   2 ~> cov. at class zero:  0.10E+01
                Level:   1 ~> cov. at class zero:  0.97E+00
                Level:   2 ~> cov. at class zero:  0.10E+01
                Level:   1 ~> cov. at class zero:  0.97E+00
             Block stream_function:  0.25732691E+00 for    38196 diagnostic points
             Block velocity_potential:  0.25983117E+00 for    38196 diagnostic points
             Block surface_pressure:  0.25738120E+00 for     9549 diagnostic points
                   Level:   1 ~> amplitude:        0.77
                                 cor. hor. support:      3606.62 km
                                 cor. ver. support:         3.93 vertical units
                   Level:   2 ~> amplitude:        0.76
                                 cor. hor. support:      3780.24 km
                                 cor. ver. support:         4.04 vertical units
                   Level:   1 ~> amplitude:        0.23
                                 cor. hor. support:      2028.15 km
                                 cor. ver. support:         0.39 vertical units
                   Level:   2 ~> amplitude:        0.24
                                 cor. hor. support:      2125.78 km
                                 cor. ver. support:         0.40 vertical units
                   Level:   1 ~> amplitude:        0.73
                                 cor. hor. support:      3942.95 km
                                 cor. ver. support:         4.16 vertical units
                   Level:   2 ~> amplitude:        0.78
                                 cor. hor. support:      3580.57 km
                                 cor. ver. support:         3.76 vertical units
                   Level:   1 ~> amplitude:        0.27
                                 cor. hor. support:      2217.28 km
                                 cor. ver. support:         0.42 vertical units
                   Level:   2 ~> amplitude:        0.22
                                 cor. hor. support:      2013.50 km
                                 cor. ver. support:         0.38 vertical units
                   Level:   1 ~> amplitude:        0.80
                                 cor. hor. support:      3349.37 km
                                 cor. ver. support:         0.00 vertical units
                   Level:   1 ~> amplitude:        0.20
                                 cor. hor. support:      1883.49 km
                                 cor. ver. support:         0.00 vertical units
Norm of output parameter cor_a - 1: 5.2721988726313057e+01
Norm of output parameter cor_a - 2: 1.2401878904353342e+01
Norm of output parameter cor_rh1 - 1: 2.5518453879899469e+08
Norm of output parameter cor_rh1 - 2: 1.8066175464936143e+08
Norm of output parameter cor_rh2 - 1: 2.4453382898871726e+08
Norm of output parameter cor_rh2 - 2: 1.7001001721968934e+08
Norm of output parameter cor_rhc - 1: 6.1313217849648405e+00
Norm of output parameter cor_rhc - 2: 6.1313217849648405e+00
Norm of output parameter cor_rh - 1: 2.4767666200526628e+08
Norm of output parameter cor_rh - 2: 1.7376681717270839e+08
Norm of output parameter cor_rv - 1: 2.0114090281117444e+02
Norm of output parameter cor_rv - 2: 3.0277553332024461e+01
