       Independent levels:  1[2]
          Subset Sc0 size:              762
          Domain area (% of Earth area): 0.100E+03%
             Level   1 ~> 100.0%
             Level   2 ~> 100.0%
             Level   1 ~>  0.100E+01 vert. coord.
             Level   2 ~>  0.200E+01 vert. coord.
       Independent levels:  1[1]
          Subset Sc0 size:              762
          Domain area (% of Earth area): 0.100E+03%
             Level   1 ~> 100.0%
             Level   1 ~>  0.100E+01 vert. coord.
Norm of input parameter a - 1: 4.8582262406261421e+01
Norm of input parameter a - 2: 1.6783111402866435e+01
Norm of input parameter rh1 - 1: 2.5297841474957138e+08
Norm of input parameter rh1 - 2: 1.7051470257481331e+08
Norm of input parameter rh2 - 1: 2.8137472401877922e+08
Norm of input parameter rh2 - 2: 1.8880532329781729e+08
Norm of input parameter rhc - 1: 7.1275415536214792e+00
Norm of input parameter rhc - 2: 7.1275415536214792e+00
Norm of input parameter rv - 1: 2.6112501922926702e+02
Norm of input parameter rv - 2: 3.2073613842022489e+01
             Effective levels:   1   2 
                Horizontal support radius:    3934.49 km (   3343.81 km -    4473.98 km)
                Estimated nc1 from horizontal support radius:      608
                   Decimate full grid, at least      608 points required,     762 valid points found
                   Subgrid hash:    775902578
                Final nc1:      608
                Effective horizontal resolution:  4.00
                Horizontal support radius:    3946.48 km (   3625.55 km -    4318.99 km)
                Estimated nc1 from horizontal support radius:      605
                   Decimate full grid, at least      605 points required,     762 valid points found
                   Subgrid hash:  -2116155227
                Final nc1:      605
                Effective horizontal resolution:  4.00
             nc1(  1) =                        608
             nc1(  2) =                        605
             ns =                             1213
             v%n_s =                             2
             c%n_s[global] =                 35409
             Effective levels:   1   2 
                Horizontal support radius:    2535.39 km (   2127.87 km -    3291.24 km)
                Estimated nc1 from horizontal support radius:     1466
                   Decimate full grid, at least      762 points required,     762 valid points found
                   Subgrid hash:   1550418632
                Final nc1:      762
                Effective horizontal resolution:  2.88
                Horizontal support radius:    2487.60 km (   2117.28 km -    3283.89 km)
                Estimated nc1 from horizontal support radius:     1522
                   Decimate full grid, at least      762 points required,     762 valid points found
                   Subgrid hash:   1550418632
                Final nc1:      762
                Effective horizontal resolution:  2.83
             nc1(  1) =                        762
             nc1(  2) =                        762
             ns =                             1524
             v%n_s =                             2
             c%n_s[global] =                 16497
             Effective levels:   1   2 
                Horizontal support radius:    3934.49 km (   3343.81 km -    4473.98 km)
                Estimated nc1 from horizontal support radius:      608
                   Decimate full grid, at least      608 points required,     762 valid points found
                   Subgrid hash:    775902578
                Final nc1:      608
                Effective horizontal resolution:  4.00
                Horizontal support radius:    3946.48 km (   3625.55 km -    4318.99 km)
                Estimated nc1 from horizontal support radius:      605
                   Decimate full grid, at least      605 points required,     762 valid points found
                   Subgrid hash:  -2116155227
                Final nc1:      605
                Effective horizontal resolution:  4.00
             nc1(  1) =                        608
             nc1(  2) =                        605
             ns =                             1213
             v%n_s =                             2
             c%n_s[global] =                 36882
             Effective levels:   1   2 
                Horizontal support radius:    2535.39 km (   2127.87 km -    3291.24 km)
                Estimated nc1 from horizontal support radius:     1466
                   Decimate full grid, at least      762 points required,     762 valid points found
                   Subgrid hash:   1550418632
                Final nc1:      762
                Effective horizontal resolution:  2.88
                Horizontal support radius:    2487.60 km (   2117.28 km -    3283.89 km)
                Estimated nc1 from horizontal support radius:     1522
                   Decimate full grid, at least      762 points required,     762 valid points found
                   Subgrid hash:   1550418632
                Final nc1:      762
                Effective horizontal resolution:  2.83
             nc1(  1) =                        762
             nc1(  2) =                        762
             ns =                             1524
             v%n_s =                             2
             c%n_s[global] =                 15747
    Full NICAS adjoint test result:                        T
       Block NICAS adjoint test result:                    T
          Interpolation adjoint test (horizontal) result:  T
          Interpolation adjoint test (vertical) result:    T
          Interpolation adjoint test (total) result:       T
          Communication AB adjoint test result:            T
          Communication AC adjoint test result:            T
          Convolution / communication adjoint test result: T
          Component NICAS adjoint test result:             T
          Interpolation adjoint test (horizontal) result:  T
          Interpolation adjoint test (vertical) result:    T
          Interpolation adjoint test (total) result:       T
          Communication AB adjoint test result:            T
          Communication AC adjoint test result:            T
          Convolution / communication adjoint test result: T
          Component NICAS adjoint test result:             T
       Block NICAS adjoint test result:                    T
          Interpolation adjoint test (horizontal) result:  T
          Interpolation adjoint test (vertical) result:    T
          Interpolation adjoint test (total) result:       T
          Communication AB adjoint test result:            T
          Communication AC adjoint test result:            T
          Convolution / communication adjoint test result: T
          Component NICAS adjoint test result:             T
          Interpolation adjoint test (horizontal) result:  T
          Interpolation adjoint test (vertical) result:    T
          Interpolation adjoint test (total) result:       T
          Communication AB adjoint test result:            T
          Communication AC adjoint test result:            T
          Convolution / communication adjoint test result: T
          Component NICAS adjoint test result:             T
             0.0 /    0.0:  1.0000000
          Level   1:  0.0000000 -  1.0000000
          Level   2:  0.0000000 -  0.6477290
             0.0 /    0.0:  0.0000000
          Level   1:  0.0000000 -  0.0000000
          Level   2:  0.0000000 -  0.0000000
             Effective levels:   1 
                Horizontal support radius:    4037.86 km (   3534.83 km -    4508.51 km)
                Estimated nc1 from horizontal support radius:      578
                   Decimate full grid, at least      578 points required,     762 valid points found
                   Subgrid hash:    969404130
                Final nc1:      578
                Effective horizontal resolution:  4.00
             nc1(  1) =                        578
             ns =                              578
             v%n_s =                             1
             c%n_s[global] =                  7925
             Effective levels:   1 
                Horizontal support radius:    3201.54 km (   2461.29 km -    3914.70 km)
                Estimated nc1 from horizontal support radius:      919
                   Decimate full grid, at least      762 points required,     762 valid points found
                   Subgrid hash:   1550418632
                Final nc1:      762
                Effective horizontal resolution:  3.64
             nc1(  1) =                        762
             ns =                              762
             v%n_s =                             1
             c%n_s[global] =                 10427
    Full NICAS adjoint test result:                        T
       Block NICAS adjoint test result:                    T
          Interpolation adjoint test (horizontal) result:  T
          Interpolation adjoint test (vertical) result:    T
          Interpolation adjoint test (total) result:       T
          Communication AB adjoint test result:            T
          Communication AC adjoint test result:            T
          Convolution / communication adjoint test result: T
          Component NICAS adjoint test result:             T
          Interpolation adjoint test (horizontal) result:  T
          Interpolation adjoint test (vertical) result:    T
          Interpolation adjoint test (total) result:       T
          Communication AB adjoint test result:            T
          Communication AC adjoint test result:            T
          Convolution / communication adjoint test result: T
          Component NICAS adjoint test result:             T
             0.0 /    0.0:  1.0000000
          Level   1:  0.0000000 -  1.0000000
