       Independent levels:  1[2]
          Subset Sc0 size:              762
          Domain area (% of Earth area): 0.100E+03%
             Level   1 ~> 100.0%
             Level   2 ~> 100.0%
             Level   1 ~>  0.100E+01 vert. coord.
             Level   2 ~>  0.200E+01 vert. coord.
          Norm of stream_function:  0.36329713E+02
          Norm of velocity_potential:  0.33366249E+02
          Norm of stream_function:  0.35739858E+02
          Norm of velocity_potential:  0.37673118E+02
          Norm of stream_function:  0.34306861E+02
          Norm of velocity_potential:  0.37057252E+02
          Norm of stream_function:  0.36696032E+02
          Norm of velocity_potential:  0.36111108E+02
          Norm of stream_function:  0.35648625E+02
          Norm of velocity_potential:  0.34259494E+02
          Norm of stream_function:  0.39533091E+02
          Norm of velocity_potential:  0.36748565E+02
          Norm of stream_function:  0.36041687E+02
          Norm of velocity_potential:  0.35171704E+02
          Norm of stream_function:  0.40971253E+02
          Norm of velocity_potential:  0.37057587E+02
          Norm of stream_function:  0.39332890E+02
          Norm of velocity_potential:  0.41005722E+02
          Norm of stream_function:  0.34929659E+02
          Norm of velocity_potential:  0.38326363E+02
          Level   1 ~> 100.0%
          Level   2 ~> 100.0%
          Decimate full grid, at least      500 points required,     762 valid points found
          Subgrid hash:   -130003308
          nc1 =      500
          nc2 =      250
          Independent levels:  1[2]
       Vertical balance block stream_function-velocity_potential adjoint test result:  T
       Vertical balance direct adjoint test results:  T
       Vertical balance inverse adjoint test results: T
Norm of output parameter dirac_vbal - 1: 1.0000000000000000e+00
