       Independent levels:  1[2]
          Subset Sc0 size:              762
          Domain area (% of Earth area): 0.100E+03%
             Level   1 ~> 100.0%
             Level   2 ~> 100.0%
             Level   1 ~>  0.100E+01 vert. coord.
             Level   2 ~>  0.200E+01 vert. coord.
             Effective levels:   1   2 
                Horizontal support radius:    7000.00 km (   7000.00 km -    7000.00 km)
                Estimated nc1 from horizontal support radius:      192
                   Decimate full grid, at least      192 points required,     714 valid points found
                   Subgrid hash:    762717970
                Final nc1:      192
                Effective horizontal resolution:  4.00
             nc1(  1) =                        192
             nc1(  2) =                        192
             ns =                              384
             v%n_s =                             2
             c%n_s[global] =                  4872
Member 0: 
Valid time:2010-01-01T12:00:00Z
Quench geometry grid:
- name: L40x21
- size: 840
Partitioner:
- type: equal_regions
Function space:
- type: StructuredColumns
- halo: 1
Groups: 
- Group 0:
  Vertical levels: 
  - number: 2
  - vert_coord: [1.0000000000000000e+00,2.0000000000000000e+00]
  Mask size: 100%
Fields:
  stream_function: 4.1304563305620391e+01
Member 1: 
Valid time:2010-01-01T12:00:00Z
Quench geometry grid:
- name: L40x21
- size: 840
Partitioner:
- type: equal_regions
Function space:
- type: StructuredColumns
- halo: 1
Groups: 
- Group 0:
  Vertical levels: 
  - number: 2
  - vert_coord: [1.0000000000000000e+00,2.0000000000000000e+00]
  Mask size: 100%
Fields:
  stream_function: 4.9790688755959920e+01
Member 2: 
Valid time:2010-01-01T12:00:00Z
Quench geometry grid:
- name: L40x21
- size: 840
Partitioner:
- type: equal_regions
Function space:
- type: StructuredColumns
- halo: 1
Groups: 
- Group 0:
  Vertical levels: 
  - number: 2
  - vert_coord: [1.0000000000000000e+00,2.0000000000000000e+00]
  Mask size: 100%
Fields:
  stream_function: 4.0714226274166187e+01
Member 3: 
Valid time:2010-01-01T12:00:00Z
Quench geometry grid:
- name: L40x21
- size: 840
Partitioner:
- type: equal_regions
Function space:
- type: StructuredColumns
- halo: 1
Groups: 
- Group 0:
  Vertical levels: 
  - number: 2
  - vert_coord: [1.0000000000000000e+00,2.0000000000000000e+00]
  Mask size: 100%
Fields:
  stream_function: 4.2997415051218823e+01
Member 4: 
Valid time:2010-01-01T12:00:00Z
Quench geometry grid:
- name: L40x21
- size: 840
Partitioner:
- type: equal_regions
Function space:
- type: StructuredColumns
- halo: 1
Groups: 
- Group 0:
  Vertical levels: 
  - number: 2
  - vert_coord: [1.0000000000000000e+00,2.0000000000000000e+00]
  Mask size: 100%
Fields:
  stream_function: 4.1884094932674664e+01
Member 5: 
Valid time:2010-01-01T12:00:00Z
Quench geometry grid:
- name: L40x21
- size: 840
Partitioner:
- type: equal_regions
Function space:
- type: StructuredColumns
- halo: 1
Groups: 
- Group 0:
  Vertical levels: 
  - number: 2
  - vert_coord: [1.0000000000000000e+00,2.0000000000000000e+00]
  Mask size: 100%
Fields:
  stream_function: 3.9222537285644115e+01
Member 6: 
Valid time:2010-01-01T12:00:00Z
Quench geometry grid:
- name: L40x21
- size: 840
Partitioner:
- type: equal_regions
Function space:
- type: StructuredColumns
- halo: 1
Groups: 
- Group 0:
  Vertical levels: 
  - number: 2
  - vert_coord: [1.0000000000000000e+00,2.0000000000000000e+00]
  Mask size: 100%
Fields:
  stream_function: 3.3454419319064961e+01
Member 7: 
Valid time:2010-01-01T12:00:00Z
Quench geometry grid:
- name: L40x21
- size: 840
Partitioner:
- type: equal_regions
Function space:
- type: StructuredColumns
- halo: 1
Groups: 
- Group 0:
  Vertical levels: 
  - number: 2
  - vert_coord: [1.0000000000000000e+00,2.0000000000000000e+00]
  Mask size: 100%
Fields:
  stream_function: 3.9420711772144656e+01
Member 8: 
Valid time:2010-01-01T12:00:00Z
Quench geometry grid:
- name: L40x21
- size: 840
Partitioner:
- type: equal_regions
Function space:
- type: StructuredColumns
- halo: 1
Groups: 
- Group 0:
  Vertical levels: 
  - number: 2
  - vert_coord: [1.0000000000000000e+00,2.0000000000000000e+00]
  Mask size: 100%
Fields:
  stream_function: 4.1216036206538924e+01
Member 9: 
Valid time:2010-01-01T12:00:00Z
Quench geometry grid:
- name: L40x21
- size: 840
Partitioner:
- type: equal_regions
Function space:
- type: StructuredColumns
- halo: 1
Groups: 
- Group 0:
  Vertical levels: 
  - number: 2
  - vert_coord: [1.0000000000000000e+00,2.0000000000000000e+00]
  Mask size: 100%
Fields:
  stream_function: 4.5590912536717049e+01
Member 10: 
Valid time:2010-01-01T12:00:00Z
Quench geometry grid:
- name: L40x21
- size: 840
Partitioner:
- type: equal_regions
Function space:
- type: StructuredColumns
- halo: 1
Groups: 
- Group 0:
  Vertical levels: 
  - number: 2
  - vert_coord: [1.0000000000000000e+00,2.0000000000000000e+00]
  Mask size: 100%
Fields:
  stream_function: 4.2750782397450209e+01
Member 11: 
Valid time:2010-01-01T12:00:00Z
Quench geometry grid:
- name: L40x21
- size: 840
Partitioner:
- type: equal_regions
Function space:
- type: StructuredColumns
- halo: 1
Groups: 
- Group 0:
  Vertical levels: 
  - number: 2
  - vert_coord: [1.0000000000000000e+00,2.0000000000000000e+00]
  Mask size: 100%
Fields:
  stream_function: 3.9773639900520266e+01
Member 12: 
Valid time:2010-01-01T12:00:00Z
Quench geometry grid:
- name: L40x21
- size: 840
Partitioner:
- type: equal_regions
Function space:
- type: StructuredColumns
- halo: 1
Groups: 
- Group 0:
  Vertical levels: 
  - number: 2
  - vert_coord: [1.0000000000000000e+00,2.0000000000000000e+00]
  Mask size: 100%
Fields:
  stream_function: 4.4070899066232492e+01
Member 13: 
Valid time:2010-01-01T12:00:00Z
Quench geometry grid:
- name: L40x21
- size: 840
Partitioner:
- type: equal_regions
Function space:
- type: StructuredColumns
- halo: 1
Groups: 
- Group 0:
  Vertical levels: 
  - number: 2
  - vert_coord: [1.0000000000000000e+00,2.0000000000000000e+00]
  Mask size: 100%
Fields:
  stream_function: 4.4155963517011934e+01
Member 14: 
Valid time:2010-01-01T12:00:00Z
Quench geometry grid:
- name: L40x21
- size: 840
Partitioner:
- type: equal_regions
Function space:
- type: StructuredColumns
- halo: 1
Groups: 
- Group 0:
  Vertical levels: 
  - number: 2
  - vert_coord: [1.0000000000000000e+00,2.0000000000000000e+00]
  Mask size: 100%
Fields:
  stream_function: 3.7711428044169338e+01
Member 15: 
Valid time:2010-01-01T12:00:00Z
Quench geometry grid:
- name: L40x21
- size: 840
Partitioner:
- type: equal_regions
Function space:
- type: StructuredColumns
- halo: 1
Groups: 
- Group 0:
  Vertical levels: 
  - number: 2
  - vert_coord: [1.0000000000000000e+00,2.0000000000000000e+00]
  Mask size: 100%
Fields:
  stream_function: 4.2631102591339712e+01
Member 16: 
Valid time:2010-01-01T12:00:00Z
Quench geometry grid:
- name: L40x21
- size: 840
Partitioner:
- type: equal_regions
Function space:
- type: StructuredColumns
- halo: 1
Groups: 
- Group 0:
  Vertical levels: 
  - number: 2
  - vert_coord: [1.0000000000000000e+00,2.0000000000000000e+00]
  Mask size: 100%
Fields:
  stream_function: 4.0355149306790338e+01
Member 17: 
Valid time:2010-01-01T12:00:00Z
Quench geometry grid:
- name: L40x21
- size: 840
Partitioner:
- type: equal_regions
Function space:
- type: StructuredColumns
- halo: 1
Groups: 
- Group 0:
  Vertical levels: 
  - number: 2
  - vert_coord: [1.0000000000000000e+00,2.0000000000000000e+00]
  Mask size: 100%
Fields:
  stream_function: 3.9926499398446062e+01
Member 18: 
Valid time:2010-01-01T12:00:00Z
Quench geometry grid:
- name: L40x21
- size: 840
Partitioner:
- type: equal_regions
Function space:
- type: StructuredColumns
- halo: 1
Groups: 
- Group 0:
  Vertical levels: 
  - number: 2
  - vert_coord: [1.0000000000000000e+00,2.0000000000000000e+00]
  Mask size: 100%
Fields:
  stream_function: 4.3478405933234583e+01
Member 19: 
Valid time:2010-01-01T12:00:00Z
Quench geometry grid:
- name: L40x21
- size: 840
Partitioner:
- type: equal_regions
Function space:
- type: StructuredColumns
- halo: 1
Groups: 
- Group 0:
  Vertical levels: 
  - number: 2
  - vert_coord: [1.0000000000000000e+00,2.0000000000000000e+00]
  Mask size: 100%
Fields:
  stream_function: 4.2250242888795320e+01
Member 20: 
Valid time:2010-01-01T12:00:00Z
Quench geometry grid:
- name: L40x21
- size: 840
Partitioner:
- type: equal_regions
Function space:
- type: StructuredColumns
- halo: 1
Groups: 
- Group 0:
  Vertical levels: 
  - number: 2
  - vert_coord: [1.0000000000000000e+00,2.0000000000000000e+00]
  Mask size: 100%
Fields:
  stream_function: 3.8934873063375328e+01
Member 21: 
Valid time:2010-01-01T12:00:00Z
Quench geometry grid:
- name: L40x21
- size: 840
Partitioner:
- type: equal_regions
Function space:
- type: StructuredColumns
- halo: 1
Groups: 
- Group 0:
  Vertical levels: 
  - number: 2
  - vert_coord: [1.0000000000000000e+00,2.0000000000000000e+00]
  Mask size: 100%
Fields:
  stream_function: 3.7474401721739895e+01
Member 22: 
Valid time:2010-01-01T12:00:00Z
Quench geometry grid:
- name: L40x21
- size: 840
Partitioner:
- type: equal_regions
Function space:
- type: StructuredColumns
- halo: 1
Groups: 
- Group 0:
  Vertical levels: 
  - number: 2
  - vert_coord: [1.0000000000000000e+00,2.0000000000000000e+00]
  Mask size: 100%
Fields:
  stream_function: 4.0488601897707689e+01
Member 23: 
Valid time:2010-01-01T12:00:00Z
Quench geometry grid:
- name: L40x21
- size: 840
Partitioner:
- type: equal_regions
Function space:
- type: StructuredColumns
- halo: 1
Groups: 
- Group 0:
  Vertical levels: 
  - number: 2
  - vert_coord: [1.0000000000000000e+00,2.0000000000000000e+00]
  Mask size: 100%
Fields:
  stream_function: 4.5215613417678149e+01
Member 24: 
Valid time:2010-01-01T12:00:00Z
Quench geometry grid:
- name: L40x21
- size: 840
Partitioner:
- type: equal_regions
Function space:
- type: StructuredColumns
- halo: 1
Groups: 
- Group 0:
  Vertical levels: 
  - number: 2
  - vert_coord: [1.0000000000000000e+00,2.0000000000000000e+00]
  Mask size: 100%
Fields:
  stream_function: 4.5071598416253536e+01
