       Independent levels:  1[2]
          Subset Sc0 size:              289
          Domain area (% of Earth area): 0.314E-03%
             Level   1 ~> 100.0%
             Level   2 ~> 100.0%
             Level   1 ~>  0.100E+01 vert. coord.
             Level   2 ~>  0.200E+01 vert. coord.
             Effective levels:   1   2 
                Horizontal support radius:      20.00 km (     20.00 km -      20.00 km)
                Estimated nc1 from horizontal support radius:       73
                   Decimate full grid, at least       73 points required,     225 valid points found
                   Subgrid hash:    298282021
                Final nc1:       73
                Effective horizontal resolution:  3.98
             nc1(  1) =                         73
             nc1(  2) =                         73
             ns =                              146
             v%n_s =                             2
             c%n_s[global] =                  2812
Member 0: 
Valid time:2010-01-01T12:00:00Z
Quench geometry grid:
- name: unstructured.c038fb1
- size: 289
Partitioner:
- type: equal_regions
Function space:
- type: NodeColumns
- halo: 0
Groups: 
- Group 0:
  Vertical levels: 
  - number: 2
  - vert_coord: [1.0000000000000000e+00,2.0000000000000000e+00]
  Mask size: 100%
Fields:
  stream_function: 2.2259384870678993e+01
Member 1: 
Valid time:2010-01-01T12:00:00Z
Quench geometry grid:
- name: unstructured.c038fb1
- size: 289
Partitioner:
- type: equal_regions
Function space:
- type: NodeColumns
- halo: 0
Groups: 
- Group 0:
  Vertical levels: 
  - number: 2
  - vert_coord: [1.0000000000000000e+00,2.0000000000000000e+00]
  Mask size: 100%
Fields:
  stream_function: 2.2677695592086344e+01
Member 2: 
Valid time:2010-01-01T12:00:00Z
Quench geometry grid:
- name: unstructured.c038fb1
- size: 289
Partitioner:
- type: equal_regions
Function space:
- type: NodeColumns
- halo: 0
Groups: 
- Group 0:
  Vertical levels: 
  - number: 2
  - vert_coord: [1.0000000000000000e+00,2.0000000000000000e+00]
  Mask size: 100%
Fields:
  stream_function: 2.3292942913371146e+01
Member 3: 
Valid time:2010-01-01T12:00:00Z
Quench geometry grid:
- name: unstructured.c038fb1
- size: 289
Partitioner:
- type: equal_regions
Function space:
- type: NodeColumns
- halo: 0
Groups: 
- Group 0:
  Vertical levels: 
  - number: 2
  - vert_coord: [1.0000000000000000e+00,2.0000000000000000e+00]
  Mask size: 100%
Fields:
  stream_function: 2.7487283374397595e+01
Member 4: 
Valid time:2010-01-01T12:00:00Z
Quench geometry grid:
- name: unstructured.c038fb1
- size: 289
Partitioner:
- type: equal_regions
Function space:
- type: NodeColumns
- halo: 0
Groups: 
- Group 0:
  Vertical levels: 
  - number: 2
  - vert_coord: [1.0000000000000000e+00,2.0000000000000000e+00]
  Mask size: 100%
Fields:
  stream_function: 1.6237571816845602e+01
Member 5: 
Valid time:2010-01-01T12:00:00Z
Quench geometry grid:
- name: unstructured.c038fb1
- size: 289
Partitioner:
- type: equal_regions
Function space:
- type: NodeColumns
- halo: 0
Groups: 
- Group 0:
  Vertical levels: 
  - number: 2
  - vert_coord: [1.0000000000000000e+00,2.0000000000000000e+00]
  Mask size: 100%
Fields:
  stream_function: 3.2181662555265099e+01
Member 6: 
Valid time:2010-01-01T12:00:00Z
Quench geometry grid:
- name: unstructured.c038fb1
- size: 289
Partitioner:
- type: equal_regions
Function space:
- type: NodeColumns
- halo: 0
Groups: 
- Group 0:
  Vertical levels: 
  - number: 2
  - vert_coord: [1.0000000000000000e+00,2.0000000000000000e+00]
  Mask size: 100%
Fields:
  stream_function: 2.3450668432220763e+01
Member 7: 
Valid time:2010-01-01T12:00:00Z
Quench geometry grid:
- name: unstructured.c038fb1
- size: 289
Partitioner:
- type: equal_regions
Function space:
- type: NodeColumns
- halo: 0
Groups: 
- Group 0:
  Vertical levels: 
  - number: 2
  - vert_coord: [1.0000000000000000e+00,2.0000000000000000e+00]
  Mask size: 100%
Fields:
  stream_function: 2.4219975502050289e+01
Member 8: 
Valid time:2010-01-01T12:00:00Z
Quench geometry grid:
- name: unstructured.c038fb1
- size: 289
Partitioner:
- type: equal_regions
Function space:
- type: NodeColumns
- halo: 0
Groups: 
- Group 0:
  Vertical levels: 
  - number: 2
  - vert_coord: [1.0000000000000000e+00,2.0000000000000000e+00]
  Mask size: 100%
Fields:
  stream_function: 3.5189458863307131e+01
Member 9: 
Valid time:2010-01-01T12:00:00Z
Quench geometry grid:
- name: unstructured.c038fb1
- size: 289
Partitioner:
- type: equal_regions
Function space:
- type: NodeColumns
- halo: 0
Groups: 
- Group 0:
  Vertical levels: 
  - number: 2
  - vert_coord: [1.0000000000000000e+00,2.0000000000000000e+00]
  Mask size: 100%
Fields:
  stream_function: 2.0097805919633249e+01
Member 10: 
Valid time:2010-01-01T12:00:00Z
Quench geometry grid:
- name: unstructured.c038fb1
- size: 289
Partitioner:
- type: equal_regions
Function space:
- type: NodeColumns
- halo: 0
Groups: 
- Group 0:
  Vertical levels: 
  - number: 2
  - vert_coord: [1.0000000000000000e+00,2.0000000000000000e+00]
  Mask size: 100%
Fields:
  stream_function: 2.1283264373236211e+01
Member 11: 
Valid time:2010-01-01T12:00:00Z
Quench geometry grid:
- name: unstructured.c038fb1
- size: 289
Partitioner:
- type: equal_regions
Function space:
- type: NodeColumns
- halo: 0
Groups: 
- Group 0:
  Vertical levels: 
  - number: 2
  - vert_coord: [1.0000000000000000e+00,2.0000000000000000e+00]
  Mask size: 100%
Fields:
  stream_function: 2.1744521857588872e+01
Member 12: 
Valid time:2010-01-01T12:00:00Z
Quench geometry grid:
- name: unstructured.c038fb1
- size: 289
Partitioner:
- type: equal_regions
Function space:
- type: NodeColumns
- halo: 0
Groups: 
- Group 0:
  Vertical levels: 
  - number: 2
  - vert_coord: [1.0000000000000000e+00,2.0000000000000000e+00]
  Mask size: 100%
Fields:
  stream_function: 2.6167149748972111e+01
Member 13: 
Valid time:2010-01-01T12:00:00Z
Quench geometry grid:
- name: unstructured.c038fb1
- size: 289
Partitioner:
- type: equal_regions
Function space:
- type: NodeColumns
- halo: 0
Groups: 
- Group 0:
  Vertical levels: 
  - number: 2
  - vert_coord: [1.0000000000000000e+00,2.0000000000000000e+00]
  Mask size: 100%
Fields:
  stream_function: 2.6624199111205510e+01
Member 14: 
Valid time:2010-01-01T12:00:00Z
Quench geometry grid:
- name: unstructured.c038fb1
- size: 289
Partitioner:
- type: equal_regions
Function space:
- type: NodeColumns
- halo: 0
Groups: 
- Group 0:
  Vertical levels: 
  - number: 2
  - vert_coord: [1.0000000000000000e+00,2.0000000000000000e+00]
  Mask size: 100%
Fields:
  stream_function: 2.8166459219978414e+01
Member 15: 
Valid time:2010-01-01T12:00:00Z
Quench geometry grid:
- name: unstructured.c038fb1
- size: 289
Partitioner:
- type: equal_regions
Function space:
- type: NodeColumns
- halo: 0
Groups: 
- Group 0:
  Vertical levels: 
  - number: 2
  - vert_coord: [1.0000000000000000e+00,2.0000000000000000e+00]
  Mask size: 100%
Fields:
  stream_function: 2.9936202004712118e+01
Member 16: 
Valid time:2010-01-01T12:00:00Z
Quench geometry grid:
- name: unstructured.c038fb1
- size: 289
Partitioner:
- type: equal_regions
Function space:
- type: NodeColumns
- halo: 0
Groups: 
- Group 0:
  Vertical levels: 
  - number: 2
  - vert_coord: [1.0000000000000000e+00,2.0000000000000000e+00]
  Mask size: 100%
Fields:
  stream_function: 2.5131148357621331e+01
Member 17: 
Valid time:2010-01-01T12:00:00Z
Quench geometry grid:
- name: unstructured.c038fb1
- size: 289
Partitioner:
- type: equal_regions
Function space:
- type: NodeColumns
- halo: 0
Groups: 
- Group 0:
  Vertical levels: 
  - number: 2
  - vert_coord: [1.0000000000000000e+00,2.0000000000000000e+00]
  Mask size: 100%
Fields:
  stream_function: 2.0009780914823928e+01
Member 18: 
Valid time:2010-01-01T12:00:00Z
Quench geometry grid:
- name: unstructured.c038fb1
- size: 289
Partitioner:
- type: equal_regions
Function space:
- type: NodeColumns
- halo: 0
Groups: 
- Group 0:
  Vertical levels: 
  - number: 2
  - vert_coord: [1.0000000000000000e+00,2.0000000000000000e+00]
  Mask size: 100%
Fields:
  stream_function: 2.4118178474710014e+01
Member 19: 
Valid time:2010-01-01T12:00:00Z
Quench geometry grid:
- name: unstructured.c038fb1
- size: 289
Partitioner:
- type: equal_regions
Function space:
- type: NodeColumns
- halo: 0
Groups: 
- Group 0:
  Vertical levels: 
  - number: 2
  - vert_coord: [1.0000000000000000e+00,2.0000000000000000e+00]
  Mask size: 100%
Fields:
  stream_function: 2.3033258295918657e+01
Member 20: 
Valid time:2010-01-01T12:00:00Z
Quench geometry grid:
- name: unstructured.c038fb1
- size: 289
Partitioner:
- type: equal_regions
Function space:
- type: NodeColumns
- halo: 0
Groups: 
- Group 0:
  Vertical levels: 
  - number: 2
  - vert_coord: [1.0000000000000000e+00,2.0000000000000000e+00]
  Mask size: 100%
Fields:
  stream_function: 2.3387760292050459e+01
Member 21: 
Valid time:2010-01-01T12:00:00Z
Quench geometry grid:
- name: unstructured.c038fb1
- size: 289
Partitioner:
- type: equal_regions
Function space:
- type: NodeColumns
- halo: 0
Groups: 
- Group 0:
  Vertical levels: 
  - number: 2
  - vert_coord: [1.0000000000000000e+00,2.0000000000000000e+00]
  Mask size: 100%
Fields:
  stream_function: 2.1578007971160400e+01
Member 22: 
Valid time:2010-01-01T12:00:00Z
Quench geometry grid:
- name: unstructured.c038fb1
- size: 289
Partitioner:
- type: equal_regions
Function space:
- type: NodeColumns
- halo: 0
Groups: 
- Group 0:
  Vertical levels: 
  - number: 2
  - vert_coord: [1.0000000000000000e+00,2.0000000000000000e+00]
  Mask size: 100%
Fields:
  stream_function: 2.1606192720611528e+01
Member 23: 
Valid time:2010-01-01T12:00:00Z
Quench geometry grid:
- name: unstructured.c038fb1
- size: 289
Partitioner:
- type: equal_regions
Function space:
- type: NodeColumns
- halo: 0
Groups: 
- Group 0:
  Vertical levels: 
  - number: 2
  - vert_coord: [1.0000000000000000e+00,2.0000000000000000e+00]
  Mask size: 100%
Fields:
  stream_function: 2.1324510311855139e+01
Member 24: 
Valid time:2010-01-01T12:00:00Z
Quench geometry grid:
- name: unstructured.c038fb1
- size: 289
Partitioner:
- type: equal_regions
Function space:
- type: NodeColumns
- halo: 0
Groups: 
- Group 0:
  Vertical levels: 
  - number: 2
  - vert_coord: [1.0000000000000000e+00,2.0000000000000000e+00]
  Mask size: 100%
Fields:
  stream_function: 1.7899779366765987e+01
