Norm of input parameter StdDev: 8.6752521577186208e+00
Member 0: 
Valid time:2010-01-01T18:00:00Z
Quench geometry grid:
- name: structured
- size: 3763
Regional grid detected
Partitioner:
- type: checkerboard
Function space:
- type: StructuredColumns
- halo: 1
Groups: 
- Group 0:
  Vertical levels: 
  - number: 2
  - vert_coord: [1.0000000000000000e+00,2.0000000000000000e+00]
  Mask size: 100%
Fields:
  temperature: 9.1904812903860567e+00
Member 1: 
Valid time:2010-01-01T18:00:00Z
Quench geometry grid:
- name: structured
- size: 3763
Regional grid detected
Partitioner:
- type: checkerboard
Function space:
- type: StructuredColumns
- halo: 1
Groups: 
- Group 0:
  Vertical levels: 
  - number: 2
  - vert_coord: [1.0000000000000000e+00,2.0000000000000000e+00]
  Mask size: 100%
Fields:
  temperature: 1.7785708253895203e+00
Member 2: 
Valid time:2010-01-01T18:00:00Z
Quench geometry grid:
- name: structured
- size: 3763
Regional grid detected
Partitioner:
- type: checkerboard
Function space:
- type: StructuredColumns
- halo: 1
Groups: 
- Group 0:
  Vertical levels: 
  - number: 2
  - vert_coord: [1.0000000000000000e+00,2.0000000000000000e+00]
  Mask size: 100%
Fields:
  temperature: 9.6909012773204513e+00
Member 3: 
Valid time:2010-01-01T18:00:00Z
Quench geometry grid:
- name: structured
- size: 3763
Regional grid detected
Partitioner:
- type: checkerboard
Function space:
- type: StructuredColumns
- halo: 1
Groups: 
- Group 0:
  Vertical levels: 
  - number: 2
  - vert_coord: [1.0000000000000000e+00,2.0000000000000000e+00]
  Mask size: 100%
Fields:
  temperature: 1.3986853145996147e+01
Member 4: 
Valid time:2010-01-01T18:00:00Z
Quench geometry grid:
- name: structured
- size: 3763
Regional grid detected
Partitioner:
- type: checkerboard
Function space:
- type: StructuredColumns
- halo: 1
Groups: 
- Group 0:
  Vertical levels: 
  - number: 2
  - vert_coord: [1.0000000000000000e+00,2.0000000000000000e+00]
  Mask size: 100%
Fields:
  temperature: 4.1829567601120257e+00
Member 5: 
Valid time:2010-01-01T18:00:00Z
Quench geometry grid:
- name: structured
- size: 3763
Regional grid detected
Partitioner:
- type: checkerboard
Function space:
- type: StructuredColumns
- halo: 1
Groups: 
- Group 0:
  Vertical levels: 
  - number: 2
  - vert_coord: [1.0000000000000000e+00,2.0000000000000000e+00]
  Mask size: 100%
Fields:
  temperature: 3.0200896876411658e+00
Member 6: 
Valid time:2010-01-01T18:00:00Z
Quench geometry grid:
- name: structured
- size: 3763
Regional grid detected
Partitioner:
- type: checkerboard
Function space:
- type: StructuredColumns
- halo: 1
Groups: 
- Group 0:
  Vertical levels: 
  - number: 2
  - vert_coord: [1.0000000000000000e+00,2.0000000000000000e+00]
  Mask size: 100%
Fields:
  temperature: 2.1020854783454364e+00
Member 7: 
Valid time:2010-01-01T18:00:00Z
Quench geometry grid:
- name: structured
- size: 3763
Regional grid detected
Partitioner:
- type: checkerboard
Function space:
- type: StructuredColumns
- halo: 1
Groups: 
- Group 0:
  Vertical levels: 
  - number: 2
  - vert_coord: [1.0000000000000000e+00,2.0000000000000000e+00]
  Mask size: 100%
Fields:
  temperature: 9.9637639503562827e+00
Member 8: 
Valid time:2010-01-01T18:00:00Z
Quench geometry grid:
- name: structured
- size: 3763
Regional grid detected
Partitioner:
- type: checkerboard
Function space:
- type: StructuredColumns
- halo: 1
Groups: 
- Group 0:
  Vertical levels: 
  - number: 2
  - vert_coord: [1.0000000000000000e+00,2.0000000000000000e+00]
  Mask size: 100%
Fields:
  temperature: 1.0685736862633476e+01
Member 9: 
Valid time:2010-01-01T18:00:00Z
Quench geometry grid:
- name: structured
- size: 3763
Regional grid detected
Partitioner:
- type: checkerboard
Function space:
- type: StructuredColumns
- halo: 1
Groups: 
- Group 0:
  Vertical levels: 
  - number: 2
  - vert_coord: [1.0000000000000000e+00,2.0000000000000000e+00]
  Mask size: 100%
Fields:
  temperature: 1.0838646551844299e+01
Member 10: 
Valid time:2010-01-01T18:00:00Z
Quench geometry grid:
- name: structured
- size: 3763
Regional grid detected
Partitioner:
- type: checkerboard
Function space:
- type: StructuredColumns
- halo: 1
Groups: 
- Group 0:
  Vertical levels: 
  - number: 2
  - vert_coord: [1.0000000000000000e+00,2.0000000000000000e+00]
  Mask size: 100%
Fields:
  temperature: 1.2792167599176322e+01
Member 11: 
Valid time:2010-01-01T18:00:00Z
Quench geometry grid:
- name: structured
- size: 3763
Regional grid detected
Partitioner:
- type: checkerboard
Function space:
- type: StructuredColumns
- halo: 1
Groups: 
- Group 0:
  Vertical levels: 
  - number: 2
  - vert_coord: [1.0000000000000000e+00,2.0000000000000000e+00]
  Mask size: 100%
Fields:
  temperature: 8.4083214229963730e+00
Member 12: 
Valid time:2010-01-01T18:00:00Z
Quench geometry grid:
- name: structured
- size: 3763
Regional grid detected
Partitioner:
- type: checkerboard
Function space:
- type: StructuredColumns
- halo: 1
Groups: 
- Group 0:
  Vertical levels: 
  - number: 2
  - vert_coord: [1.0000000000000000e+00,2.0000000000000000e+00]
  Mask size: 100%
Fields:
  temperature: 7.9980339187656435e+00
Member 13: 
Valid time:2010-01-01T18:00:00Z
Quench geometry grid:
- name: structured
- size: 3763
Regional grid detected
Partitioner:
- type: checkerboard
Function space:
- type: StructuredColumns
- halo: 1
Groups: 
- Group 0:
  Vertical levels: 
  - number: 2
  - vert_coord: [1.0000000000000000e+00,2.0000000000000000e+00]
  Mask size: 100%
Fields:
  temperature: 1.8742091401837634e+01
Member 14: 
Valid time:2010-01-01T18:00:00Z
Quench geometry grid:
- name: structured
- size: 3763
Regional grid detected
Partitioner:
- type: checkerboard
Function space:
- type: StructuredColumns
- halo: 1
Groups: 
- Group 0:
  Vertical levels: 
  - number: 2
  - vert_coord: [1.0000000000000000e+00,2.0000000000000000e+00]
  Mask size: 100%
Fields:
  temperature: 4.3659355239427518e+00
Member 15: 
Valid time:2010-01-01T18:00:00Z
Quench geometry grid:
- name: structured
- size: 3763
Regional grid detected
Partitioner:
- type: checkerboard
Function space:
- type: StructuredColumns
- halo: 1
Groups: 
- Group 0:
  Vertical levels: 
  - number: 2
  - vert_coord: [1.0000000000000000e+00,2.0000000000000000e+00]
  Mask size: 100%
Fields:
  temperature: 2.4684302663069508e+00
Member 16: 
Valid time:2010-01-01T18:00:00Z
Quench geometry grid:
- name: structured
- size: 3763
Regional grid detected
Partitioner:
- type: checkerboard
Function space:
- type: StructuredColumns
- halo: 1
Groups: 
- Group 0:
  Vertical levels: 
  - number: 2
  - vert_coord: [1.0000000000000000e+00,2.0000000000000000e+00]
  Mask size: 100%
Fields:
  temperature: 6.0679749569242691e+00
Member 17: 
Valid time:2010-01-01T18:00:00Z
Quench geometry grid:
- name: structured
- size: 3763
Regional grid detected
Partitioner:
- type: checkerboard
Function space:
- type: StructuredColumns
- halo: 1
Groups: 
- Group 0:
  Vertical levels: 
  - number: 2
  - vert_coord: [1.0000000000000000e+00,2.0000000000000000e+00]
  Mask size: 100%
Fields:
  temperature: 1.2967022752313461e+01
Member 18: 
Valid time:2010-01-01T18:00:00Z
Quench geometry grid:
- name: structured
- size: 3763
Regional grid detected
Partitioner:
- type: checkerboard
Function space:
- type: StructuredColumns
- halo: 1
Groups: 
- Group 0:
  Vertical levels: 
  - number: 2
  - vert_coord: [1.0000000000000000e+00,2.0000000000000000e+00]
  Mask size: 100%
Fields:
  temperature: 4.0935872546356000e+00
Member 19: 
Valid time:2010-01-01T18:00:00Z
Quench geometry grid:
- name: structured
- size: 3763
Regional grid detected
Partitioner:
- type: checkerboard
Function space:
- type: StructuredColumns
- halo: 1
Groups: 
- Group 0:
  Vertical levels: 
  - number: 2
  - vert_coord: [1.0000000000000000e+00,2.0000000000000000e+00]
  Mask size: 100%
Fields:
  temperature: 3.7546440627538420e+00
Member 20: 
Valid time:2010-01-01T18:00:00Z
Quench geometry grid:
- name: structured
- size: 3763
Regional grid detected
Partitioner:
- type: checkerboard
Function space:
- type: StructuredColumns
- halo: 1
Groups: 
- Group 0:
  Vertical levels: 
  - number: 2
  - vert_coord: [1.0000000000000000e+00,2.0000000000000000e+00]
  Mask size: 100%
Fields:
  temperature: 1.3683467705745020e+00
Member 21: 
Valid time:2010-01-01T18:00:00Z
Quench geometry grid:
- name: structured
- size: 3763
Regional grid detected
Partitioner:
- type: checkerboard
Function space:
- type: StructuredColumns
- halo: 1
Groups: 
- Group 0:
  Vertical levels: 
  - number: 2
  - vert_coord: [1.0000000000000000e+00,2.0000000000000000e+00]
  Mask size: 100%
Fields:
  temperature: 2.6389367644887840e+00
Member 22: 
Valid time:2010-01-01T18:00:00Z
Quench geometry grid:
- name: structured
- size: 3763
Regional grid detected
Partitioner:
- type: checkerboard
Function space:
- type: StructuredColumns
- halo: 1
Groups: 
- Group 0:
  Vertical levels: 
  - number: 2
  - vert_coord: [1.0000000000000000e+00,2.0000000000000000e+00]
  Mask size: 100%
Fields:
  temperature: 8.2902034186288205e+00
Member 23: 
Valid time:2010-01-01T18:00:00Z
Quench geometry grid:
- name: structured
- size: 3763
Regional grid detected
Partitioner:
- type: checkerboard
Function space:
- type: StructuredColumns
- halo: 1
Groups: 
- Group 0:
  Vertical levels: 
  - number: 2
  - vert_coord: [1.0000000000000000e+00,2.0000000000000000e+00]
  Mask size: 100%
Fields:
  temperature: 8.3209424387134394e+00
Member 24: 
Valid time:2010-01-01T18:00:00Z
Quench geometry grid:
- name: structured
- size: 3763
Regional grid detected
Partitioner:
- type: checkerboard
Function space:
- type: StructuredColumns
- halo: 1
Groups: 
- Group 0:
  Vertical levels: 
  - number: 2
  - vert_coord: [1.0000000000000000e+00,2.0000000000000000e+00]
  Mask size: 100%
Fields:
  temperature: 6.5331109094531543e+00
Member 25: 
Valid time:2010-01-01T18:00:00Z
Quench geometry grid:
- name: structured
- size: 3763
Regional grid detected
Partitioner:
- type: checkerboard
Function space:
- type: StructuredColumns
- halo: 1
Groups: 
- Group 0:
  Vertical levels: 
  - number: 2
  - vert_coord: [1.0000000000000000e+00,2.0000000000000000e+00]
  Mask size: 100%
Fields:
  temperature: 1.0638962686337566e+01
Member 26: 
Valid time:2010-01-01T18:00:00Z
Quench geometry grid:
- name: structured
- size: 3763
Regional grid detected
Partitioner:
- type: checkerboard
Function space:
- type: StructuredColumns
- halo: 1
Groups: 
- Group 0:
  Vertical levels: 
  - number: 2
  - vert_coord: [1.0000000000000000e+00,2.0000000000000000e+00]
  Mask size: 100%
Fields:
  temperature: 9.5890992105937034e+00
Member 27: 
Valid time:2010-01-01T18:00:00Z
Quench geometry grid:
- name: structured
- size: 3763
Regional grid detected
Partitioner:
- type: checkerboard
Function space:
- type: StructuredColumns
- halo: 1
Groups: 
- Group 0:
  Vertical levels: 
  - number: 2
  - vert_coord: [1.0000000000000000e+00,2.0000000000000000e+00]
  Mask size: 100%
Fields:
  temperature: 1.4915323294367935e+00
Member 28: 
Valid time:2010-01-01T18:00:00Z
Quench geometry grid:
- name: structured
- size: 3763
Regional grid detected
Partitioner:
- type: checkerboard
Function space:
- type: StructuredColumns
- halo: 1
Groups: 
- Group 0:
  Vertical levels: 
  - number: 2
  - vert_coord: [1.0000000000000000e+00,2.0000000000000000e+00]
  Mask size: 100%
Fields:
  temperature: 1.0182471780169127e+01
Member 29: 
Valid time:2010-01-01T18:00:00Z
Quench geometry grid:
- name: structured
- size: 3763
Regional grid detected
Partitioner:
- type: checkerboard
Function space:
- type: StructuredColumns
- halo: 1
Groups: 
- Group 0:
  Vertical levels: 
  - number: 2
  - vert_coord: [1.0000000000000000e+00,2.0000000000000000e+00]
  Mask size: 100%
Fields:
  temperature: 8.1688667709646090e+00
Member 30: 
Valid time:2010-01-01T18:00:00Z
Quench geometry grid:
- name: structured
- size: 3763
Regional grid detected
Partitioner:
- type: checkerboard
Function space:
- type: StructuredColumns
- halo: 1
Groups: 
- Group 0:
  Vertical levels: 
  - number: 2
  - vert_coord: [1.0000000000000000e+00,2.0000000000000000e+00]
  Mask size: 100%
Fields:
  temperature: 6.3062722253550634e+00
Member 31: 
Valid time:2010-01-01T18:00:00Z
Quench geometry grid:
- name: structured
- size: 3763
Regional grid detected
Partitioner:
- type: checkerboard
Function space:
- type: StructuredColumns
- halo: 1
Groups: 
- Group 0:
  Vertical levels: 
  - number: 2
  - vert_coord: [1.0000000000000000e+00,2.0000000000000000e+00]
  Mask size: 100%
Fields:
  temperature: 1.3908635851246720e+01
Member 32: 
Valid time:2010-01-01T18:00:00Z
Quench geometry grid:
- name: structured
- size: 3763
Regional grid detected
Partitioner:
- type: checkerboard
Function space:
- type: StructuredColumns
- halo: 1
Groups: 
- Group 0:
  Vertical levels: 
  - number: 2
  - vert_coord: [1.0000000000000000e+00,2.0000000000000000e+00]
  Mask size: 100%
Fields:
  temperature: 2.7373338132092404e+00
Member 33: 
Valid time:2010-01-01T18:00:00Z
Quench geometry grid:
- name: structured
- size: 3763
Regional grid detected
Partitioner:
- type: checkerboard
Function space:
- type: StructuredColumns
- halo: 1
Groups: 
- Group 0:
  Vertical levels: 
  - number: 2
  - vert_coord: [1.0000000000000000e+00,2.0000000000000000e+00]
  Mask size: 100%
Fields:
  temperature: 9.1039952618487217e+00
Member 34: 
Valid time:2010-01-01T18:00:00Z
Quench geometry grid:
- name: structured
- size: 3763
Regional grid detected
Partitioner:
- type: checkerboard
Function space:
- type: StructuredColumns
- halo: 1
Groups: 
- Group 0:
  Vertical levels: 
  - number: 2
  - vert_coord: [1.0000000000000000e+00,2.0000000000000000e+00]
  Mask size: 100%
Fields:
  temperature: 8.7568076304617239e+00
Member 35: 
Valid time:2010-01-01T18:00:00Z
Quench geometry grid:
- name: structured
- size: 3763
Regional grid detected
Partitioner:
- type: checkerboard
Function space:
- type: StructuredColumns
- halo: 1
Groups: 
- Group 0:
  Vertical levels: 
  - number: 2
  - vert_coord: [1.0000000000000000e+00,2.0000000000000000e+00]
  Mask size: 100%
Fields:
  temperature: 3.1758365929245516e+00
Member 36: 
Valid time:2010-01-01T18:00:00Z
Quench geometry grid:
- name: structured
- size: 3763
Regional grid detected
Partitioner:
- type: checkerboard
Function space:
- type: StructuredColumns
- halo: 1
Groups: 
- Group 0:
  Vertical levels: 
  - number: 2
  - vert_coord: [1.0000000000000000e+00,2.0000000000000000e+00]
  Mask size: 100%
Fields:
  temperature: 1.3900030798940785e+01
Member 37: 
Valid time:2010-01-01T18:00:00Z
Quench geometry grid:
- name: structured
- size: 3763
Regional grid detected
Partitioner:
- type: checkerboard
Function space:
- type: StructuredColumns
- halo: 1
Groups: 
- Group 0:
  Vertical levels: 
  - number: 2
  - vert_coord: [1.0000000000000000e+00,2.0000000000000000e+00]
  Mask size: 100%
Fields:
  temperature: 2.3126196088619255e+00
Member 38: 
Valid time:2010-01-01T18:00:00Z
Quench geometry grid:
- name: structured
- size: 3763
Regional grid detected
Partitioner:
- type: checkerboard
Function space:
- type: StructuredColumns
- halo: 1
Groups: 
- Group 0:
  Vertical levels: 
  - number: 2
  - vert_coord: [1.0000000000000000e+00,2.0000000000000000e+00]
  Mask size: 100%
Fields:
  temperature: 2.3298141324208719e+00
Member 39: 
Valid time:2010-01-01T18:00:00Z
Quench geometry grid:
- name: structured
- size: 3763
Regional grid detected
Partitioner:
- type: checkerboard
Function space:
- type: StructuredColumns
- halo: 1
Groups: 
- Group 0:
  Vertical levels: 
  - number: 2
  - vert_coord: [1.0000000000000000e+00,2.0000000000000000e+00]
  Mask size: 100%
Fields:
  temperature: 6.3819373204046554e+00
Member 40: 
Valid time:2010-01-01T18:00:00Z
Quench geometry grid:
- name: structured
- size: 3763
Regional grid detected
Partitioner:
- type: checkerboard
Function space:
- type: StructuredColumns
- halo: 1
Groups: 
- Group 0:
  Vertical levels: 
  - number: 2
  - vert_coord: [1.0000000000000000e+00,2.0000000000000000e+00]
  Mask size: 100%
Fields:
  temperature: 7.8709487551113693e+00
Member 41: 
Valid time:2010-01-01T18:00:00Z
Quench geometry grid:
- name: structured
- size: 3763
Regional grid detected
Partitioner:
- type: checkerboard
Function space:
- type: StructuredColumns
- halo: 1
Groups: 
- Group 0:
  Vertical levels: 
  - number: 2
  - vert_coord: [1.0000000000000000e+00,2.0000000000000000e+00]
  Mask size: 100%
Fields:
  temperature: 8.9356469924923037e+00
Member 42: 
Valid time:2010-01-01T18:00:00Z
Quench geometry grid:
- name: structured
- size: 3763
Regional grid detected
Partitioner:
- type: checkerboard
Function space:
- type: StructuredColumns
- halo: 1
Groups: 
- Group 0:
  Vertical levels: 
  - number: 2
  - vert_coord: [1.0000000000000000e+00,2.0000000000000000e+00]
  Mask size: 100%
Fields:
  temperature: 4.2819163994726592e+00
Member 43: 
Valid time:2010-01-01T18:00:00Z
Quench geometry grid:
- name: structured
- size: 3763
Regional grid detected
Partitioner:
- type: checkerboard
Function space:
- type: StructuredColumns
- halo: 1
Groups: 
- Group 0:
  Vertical levels: 
  - number: 2
  - vert_coord: [1.0000000000000000e+00,2.0000000000000000e+00]
  Mask size: 100%
Fields:
  temperature: 3.2411131365375838e+00
Member 44: 
Valid time:2010-01-01T18:00:00Z
Quench geometry grid:
- name: structured
- size: 3763
Regional grid detected
Partitioner:
- type: checkerboard
Function space:
- type: StructuredColumns
- halo: 1
Groups: 
- Group 0:
  Vertical levels: 
  - number: 2
  - vert_coord: [1.0000000000000000e+00,2.0000000000000000e+00]
  Mask size: 100%
Fields:
  temperature: 5.3146125621829663e+00
Member 45: 
Valid time:2010-01-01T18:00:00Z
Quench geometry grid:
- name: structured
- size: 3763
Regional grid detected
Partitioner:
- type: checkerboard
Function space:
- type: StructuredColumns
- halo: 1
Groups: 
- Group 0:
  Vertical levels: 
  - number: 2
  - vert_coord: [1.0000000000000000e+00,2.0000000000000000e+00]
  Mask size: 100%
Fields:
  temperature: 4.9764501485361681e+00
Member 46: 
Valid time:2010-01-01T18:00:00Z
Quench geometry grid:
- name: structured
- size: 3763
Regional grid detected
Partitioner:
- type: checkerboard
Function space:
- type: StructuredColumns
- halo: 1
Groups: 
- Group 0:
  Vertical levels: 
  - number: 2
  - vert_coord: [1.0000000000000000e+00,2.0000000000000000e+00]
  Mask size: 100%
Fields:
  temperature: 4.0262033420408017e+00
Member 47: 
Valid time:2010-01-01T18:00:00Z
Quench geometry grid:
- name: structured
- size: 3763
Regional grid detected
Partitioner:
- type: checkerboard
Function space:
- type: StructuredColumns
- halo: 1
Groups: 
- Group 0:
  Vertical levels: 
  - number: 2
  - vert_coord: [1.0000000000000000e+00,2.0000000000000000e+00]
  Mask size: 100%
Fields:
  temperature: 1.5900151150192279e+00
Member 48: 
Valid time:2010-01-01T18:00:00Z
Quench geometry grid:
- name: structured
- size: 3763
Regional grid detected
Partitioner:
- type: checkerboard
Function space:
- type: StructuredColumns
- halo: 1
Groups: 
- Group 0:
  Vertical levels: 
  - number: 2
  - vert_coord: [1.0000000000000000e+00,2.0000000000000000e+00]
  Mask size: 100%
Fields:
  temperature: 1.0790682869823453e+01
Member 49: 
Valid time:2010-01-01T18:00:00Z
Quench geometry grid:
- name: structured
- size: 3763
Regional grid detected
Partitioner:
- type: checkerboard
Function space:
- type: StructuredColumns
- halo: 1
Groups: 
- Group 0:
  Vertical levels: 
  - number: 2
  - vert_coord: [1.0000000000000000e+00,2.0000000000000000e+00]
  Mask size: 100%
Fields:
  temperature: 1.2069310352234618e+01
