CostJo   : Nonlinear Jo = 13.4753, nobs = 20, Jo/n = 0.673767, err = 0.1
CostJb   : Nonlinear Jb = 0
CostFunction: Nonlinear J = 13.4753
DRIPCGMinimizer: reduction in residual norm = 7.39982e-11
CostFunction::addIncrement: Analysis norm: 87.8491
CostJo   : Nonlinear Jo = 11.2874, nobs = 20, Jo/n = 0.564372, err = 0.1
CostJb   : Nonlinear Jb = 0.568014
CostFunction: Nonlinear J = 11.8555
DRIPCGMinimizer: reduction in residual norm = 8.19012e-11
CostFunction::addIncrement: Analysis norm: 87.8451
CostJo   : Nonlinear Jo = 10.9939, nobs = 20, Jo/n = 0.549697, err = 0.1
