Norm of input parameter StdDev: 8.6752521577185622e+00
Member 0: 
Valid time:2010-01-01T06:00:00Z
Quench geometry grid:
- name: structured
- size: 3763
Regional grid detected
Partitioner:
- type: checkerboard
Function space:
- type: StructuredColumns
- halo: 1
Groups: 
- Group 0:
  Vertical levels: 
  - number: 2
  - vert_coord: [1.0000000000000000e+00,2.0000000000000000e+00]
  Mask size: 100%
Fields:
  temperature: 1.5526417362064457e+00
Member 1: 
Valid time:2010-01-01T06:00:00Z
Quench geometry grid:
- name: structured
- size: 3763
Regional grid detected
Partitioner:
- type: checkerboard
Function space:
- type: StructuredColumns
- halo: 1
Groups: 
- Group 0:
  Vertical levels: 
  - number: 2
  - vert_coord: [1.0000000000000000e+00,2.0000000000000000e+00]
  Mask size: 100%
Fields:
  temperature: 1.9610331416984519e+00
Member 2: 
Valid time:2010-01-01T06:00:00Z
Quench geometry grid:
- name: structured
- size: 3763
Regional grid detected
Partitioner:
- type: checkerboard
Function space:
- type: StructuredColumns
- halo: 1
Groups: 
- Group 0:
  Vertical levels: 
  - number: 2
  - vert_coord: [1.0000000000000000e+00,2.0000000000000000e+00]
  Mask size: 100%
Fields:
  temperature: 8.6721647176443160e+00
Member 3: 
Valid time:2010-01-01T06:00:00Z
Quench geometry grid:
- name: structured
- size: 3763
Regional grid detected
Partitioner:
- type: checkerboard
Function space:
- type: StructuredColumns
- halo: 1
Groups: 
- Group 0:
  Vertical levels: 
  - number: 2
  - vert_coord: [1.0000000000000000e+00,2.0000000000000000e+00]
  Mask size: 100%
Fields:
  temperature: 1.1486851392224922e+01
Member 4: 
Valid time:2010-01-01T06:00:00Z
Quench geometry grid:
- name: structured
- size: 3763
Regional grid detected
Partitioner:
- type: checkerboard
Function space:
- type: StructuredColumns
- halo: 1
Groups: 
- Group 0:
  Vertical levels: 
  - number: 2
  - vert_coord: [1.0000000000000000e+00,2.0000000000000000e+00]
  Mask size: 100%
Fields:
  temperature: 4.8531199410936177e+00
Member 5: 
Valid time:2010-01-01T06:00:00Z
Quench geometry grid:
- name: structured
- size: 3763
Regional grid detected
Partitioner:
- type: checkerboard
Function space:
- type: StructuredColumns
- halo: 1
Groups: 
- Group 0:
  Vertical levels: 
  - number: 2
  - vert_coord: [1.0000000000000000e+00,2.0000000000000000e+00]
  Mask size: 100%
Fields:
  temperature: 6.0583981569353478e+00
Member 6: 
Valid time:2010-01-01T06:00:00Z
Quench geometry grid:
- name: structured
- size: 3763
Regional grid detected
Partitioner:
- type: checkerboard
Function space:
- type: StructuredColumns
- halo: 1
Groups: 
- Group 0:
  Vertical levels: 
  - number: 2
  - vert_coord: [1.0000000000000000e+00,2.0000000000000000e+00]
  Mask size: 100%
Fields:
  temperature: 6.7064448726408816e+00
Member 7: 
Valid time:2010-01-01T06:00:00Z
Quench geometry grid:
- name: structured
- size: 3763
Regional grid detected
Partitioner:
- type: checkerboard
Function space:
- type: StructuredColumns
- halo: 1
Groups: 
- Group 0:
  Vertical levels: 
  - number: 2
  - vert_coord: [1.0000000000000000e+00,2.0000000000000000e+00]
  Mask size: 100%
Fields:
  temperature: 5.8225268683968041e+00
Member 8: 
Valid time:2010-01-01T06:00:00Z
Quench geometry grid:
- name: structured
- size: 3763
Regional grid detected
Partitioner:
- type: checkerboard
Function space:
- type: StructuredColumns
- halo: 1
Groups: 
- Group 0:
  Vertical levels: 
  - number: 2
  - vert_coord: [1.0000000000000000e+00,2.0000000000000000e+00]
  Mask size: 100%
Fields:
  temperature: 7.3868838459572093e+00
Member 9: 
Valid time:2010-01-01T06:00:00Z
Quench geometry grid:
- name: structured
- size: 3763
Regional grid detected
Partitioner:
- type: checkerboard
Function space:
- type: StructuredColumns
- halo: 1
Groups: 
- Group 0:
  Vertical levels: 
  - number: 2
  - vert_coord: [1.0000000000000000e+00,2.0000000000000000e+00]
  Mask size: 100%
Fields:
  temperature: 2.0545252148398994e+01
Member 10: 
Valid time:2010-01-01T06:00:00Z
Quench geometry grid:
- name: structured
- size: 3763
Regional grid detected
Partitioner:
- type: checkerboard
Function space:
- type: StructuredColumns
- halo: 1
Groups: 
- Group 0:
  Vertical levels: 
  - number: 2
  - vert_coord: [1.0000000000000000e+00,2.0000000000000000e+00]
  Mask size: 100%
Fields:
  temperature: 6.6943947269352746e+00
Member 11: 
Valid time:2010-01-01T06:00:00Z
Quench geometry grid:
- name: structured
- size: 3763
Regional grid detected
Partitioner:
- type: checkerboard
Function space:
- type: StructuredColumns
- halo: 1
Groups: 
- Group 0:
  Vertical levels: 
  - number: 2
  - vert_coord: [1.0000000000000000e+00,2.0000000000000000e+00]
  Mask size: 100%
Fields:
  temperature: 5.9376534838526815e+00
Member 12: 
Valid time:2010-01-01T06:00:00Z
Quench geometry grid:
- name: structured
- size: 3763
Regional grid detected
Partitioner:
- type: checkerboard
Function space:
- type: StructuredColumns
- halo: 1
Groups: 
- Group 0:
  Vertical levels: 
  - number: 2
  - vert_coord: [1.0000000000000000e+00,2.0000000000000000e+00]
  Mask size: 100%
Fields:
  temperature: 3.4711680649890013e+00
Member 13: 
Valid time:2010-01-01T06:00:00Z
Quench geometry grid:
- name: structured
- size: 3763
Regional grid detected
Partitioner:
- type: checkerboard
Function space:
- type: StructuredColumns
- halo: 1
Groups: 
- Group 0:
  Vertical levels: 
  - number: 2
  - vert_coord: [1.0000000000000000e+00,2.0000000000000000e+00]
  Mask size: 100%
Fields:
  temperature: 4.1507964369730876e+00
Member 14: 
Valid time:2010-01-01T06:00:00Z
Quench geometry grid:
- name: structured
- size: 3763
Regional grid detected
Partitioner:
- type: checkerboard
Function space:
- type: StructuredColumns
- halo: 1
Groups: 
- Group 0:
  Vertical levels: 
  - number: 2
  - vert_coord: [1.0000000000000000e+00,2.0000000000000000e+00]
  Mask size: 100%
Fields:
  temperature: 1.4532045073426108e+01
Member 15: 
Valid time:2010-01-01T06:00:00Z
Quench geometry grid:
- name: structured
- size: 3763
Regional grid detected
Partitioner:
- type: checkerboard
Function space:
- type: StructuredColumns
- halo: 1
Groups: 
- Group 0:
  Vertical levels: 
  - number: 2
  - vert_coord: [1.0000000000000000e+00,2.0000000000000000e+00]
  Mask size: 100%
Fields:
  temperature: 5.8553735364801671e+00
Member 16: 
Valid time:2010-01-01T06:00:00Z
Quench geometry grid:
- name: structured
- size: 3763
Regional grid detected
Partitioner:
- type: checkerboard
Function space:
- type: StructuredColumns
- halo: 1
Groups: 
- Group 0:
  Vertical levels: 
  - number: 2
  - vert_coord: [1.0000000000000000e+00,2.0000000000000000e+00]
  Mask size: 100%
Fields:
  temperature: 1.1932861173193206e+01
Member 17: 
Valid time:2010-01-01T06:00:00Z
Quench geometry grid:
- name: structured
- size: 3763
Regional grid detected
Partitioner:
- type: checkerboard
Function space:
- type: StructuredColumns
- halo: 1
Groups: 
- Group 0:
  Vertical levels: 
  - number: 2
  - vert_coord: [1.0000000000000000e+00,2.0000000000000000e+00]
  Mask size: 100%
Fields:
  temperature: 7.6738262152105721e+00
Member 18: 
Valid time:2010-01-01T06:00:00Z
Quench geometry grid:
- name: structured
- size: 3763
Regional grid detected
Partitioner:
- type: checkerboard
Function space:
- type: StructuredColumns
- halo: 1
Groups: 
- Group 0:
  Vertical levels: 
  - number: 2
  - vert_coord: [1.0000000000000000e+00,2.0000000000000000e+00]
  Mask size: 100%
Fields:
  temperature: 2.3618174082794807e+00
Member 19: 
Valid time:2010-01-01T06:00:00Z
Quench geometry grid:
- name: structured
- size: 3763
Regional grid detected
Partitioner:
- type: checkerboard
Function space:
- type: StructuredColumns
- halo: 1
Groups: 
- Group 0:
  Vertical levels: 
  - number: 2
  - vert_coord: [1.0000000000000000e+00,2.0000000000000000e+00]
  Mask size: 100%
Fields:
  temperature: 2.8318901013054978e+00
Member 20: 
Valid time:2010-01-01T06:00:00Z
Quench geometry grid:
- name: structured
- size: 3763
Regional grid detected
Partitioner:
- type: checkerboard
Function space:
- type: StructuredColumns
- halo: 1
Groups: 
- Group 0:
  Vertical levels: 
  - number: 2
  - vert_coord: [1.0000000000000000e+00,2.0000000000000000e+00]
  Mask size: 100%
Fields:
  temperature: 2.9702068941489475e+00
Member 21: 
Valid time:2010-01-01T06:00:00Z
Quench geometry grid:
- name: structured
- size: 3763
Regional grid detected
Partitioner:
- type: checkerboard
Function space:
- type: StructuredColumns
- halo: 1
Groups: 
- Group 0:
  Vertical levels: 
  - number: 2
  - vert_coord: [1.0000000000000000e+00,2.0000000000000000e+00]
  Mask size: 100%
Fields:
  temperature: 5.2628770959009978e+00
Member 22: 
Valid time:2010-01-01T06:00:00Z
Quench geometry grid:
- name: structured
- size: 3763
Regional grid detected
Partitioner:
- type: checkerboard
Function space:
- type: StructuredColumns
- halo: 1
Groups: 
- Group 0:
  Vertical levels: 
  - number: 2
  - vert_coord: [1.0000000000000000e+00,2.0000000000000000e+00]
  Mask size: 100%
Fields:
  temperature: 9.1850397025989867e+00
Member 23: 
Valid time:2010-01-01T06:00:00Z
Quench geometry grid:
- name: structured
- size: 3763
Regional grid detected
Partitioner:
- type: checkerboard
Function space:
- type: StructuredColumns
- halo: 1
Groups: 
- Group 0:
  Vertical levels: 
  - number: 2
  - vert_coord: [1.0000000000000000e+00,2.0000000000000000e+00]
  Mask size: 100%
Fields:
  temperature: 6.9248190799148350e+00
Member 24: 
Valid time:2010-01-01T06:00:00Z
Quench geometry grid:
- name: structured
- size: 3763
Regional grid detected
Partitioner:
- type: checkerboard
Function space:
- type: StructuredColumns
- halo: 1
Groups: 
- Group 0:
  Vertical levels: 
  - number: 2
  - vert_coord: [1.0000000000000000e+00,2.0000000000000000e+00]
  Mask size: 100%
Fields:
  temperature: 8.0550129316209169e+00
Member 25: 
Valid time:2010-01-01T06:00:00Z
Quench geometry grid:
- name: structured
- size: 3763
Regional grid detected
Partitioner:
- type: checkerboard
Function space:
- type: StructuredColumns
- halo: 1
Groups: 
- Group 0:
  Vertical levels: 
  - number: 2
  - vert_coord: [1.0000000000000000e+00,2.0000000000000000e+00]
  Mask size: 100%
Fields:
  temperature: 4.5751432881787046e+00
Member 26: 
Valid time:2010-01-01T06:00:00Z
Quench geometry grid:
- name: structured
- size: 3763
Regional grid detected
Partitioner:
- type: checkerboard
Function space:
- type: StructuredColumns
- halo: 1
Groups: 
- Group 0:
  Vertical levels: 
  - number: 2
  - vert_coord: [1.0000000000000000e+00,2.0000000000000000e+00]
  Mask size: 100%
Fields:
  temperature: 9.3952652989685426e+00
Member 27: 
Valid time:2010-01-01T06:00:00Z
Quench geometry grid:
- name: structured
- size: 3763
Regional grid detected
Partitioner:
- type: checkerboard
Function space:
- type: StructuredColumns
- halo: 1
Groups: 
- Group 0:
  Vertical levels: 
  - number: 2
  - vert_coord: [1.0000000000000000e+00,2.0000000000000000e+00]
  Mask size: 100%
Fields:
  temperature: 1.9618686523805742e+00
Member 28: 
Valid time:2010-01-01T06:00:00Z
Quench geometry grid:
- name: structured
- size: 3763
Regional grid detected
Partitioner:
- type: checkerboard
Function space:
- type: StructuredColumns
- halo: 1
Groups: 
- Group 0:
  Vertical levels: 
  - number: 2
  - vert_coord: [1.0000000000000000e+00,2.0000000000000000e+00]
  Mask size: 100%
Fields:
  temperature: 6.1904576414216326e+00
Member 29: 
Valid time:2010-01-01T06:00:00Z
Quench geometry grid:
- name: structured
- size: 3763
Regional grid detected
Partitioner:
- type: checkerboard
Function space:
- type: StructuredColumns
- halo: 1
Groups: 
- Group 0:
  Vertical levels: 
  - number: 2
  - vert_coord: [1.0000000000000000e+00,2.0000000000000000e+00]
  Mask size: 100%
Fields:
  temperature: 3.3325405703137694e+00
Member 30: 
Valid time:2010-01-01T06:00:00Z
Quench geometry grid:
- name: structured
- size: 3763
Regional grid detected
Partitioner:
- type: checkerboard
Function space:
- type: StructuredColumns
- halo: 1
Groups: 
- Group 0:
  Vertical levels: 
  - number: 2
  - vert_coord: [1.0000000000000000e+00,2.0000000000000000e+00]
  Mask size: 100%
Fields:
  temperature: 2.3700376025317538e+00
Member 31: 
Valid time:2010-01-01T06:00:00Z
Quench geometry grid:
- name: structured
- size: 3763
Regional grid detected
Partitioner:
- type: checkerboard
Function space:
- type: StructuredColumns
- halo: 1
Groups: 
- Group 0:
  Vertical levels: 
  - number: 2
  - vert_coord: [1.0000000000000000e+00,2.0000000000000000e+00]
  Mask size: 100%
Fields:
  temperature: 1.5140300814406649e+01
Member 32: 
Valid time:2010-01-01T06:00:00Z
Quench geometry grid:
- name: structured
- size: 3763
Regional grid detected
Partitioner:
- type: checkerboard
Function space:
- type: StructuredColumns
- halo: 1
Groups: 
- Group 0:
  Vertical levels: 
  - number: 2
  - vert_coord: [1.0000000000000000e+00,2.0000000000000000e+00]
  Mask size: 100%
Fields:
  temperature: 3.4387453436321183e+00
Member 33: 
Valid time:2010-01-01T06:00:00Z
Quench geometry grid:
- name: structured
- size: 3763
Regional grid detected
Partitioner:
- type: checkerboard
Function space:
- type: StructuredColumns
- halo: 1
Groups: 
- Group 0:
  Vertical levels: 
  - number: 2
  - vert_coord: [1.0000000000000000e+00,2.0000000000000000e+00]
  Mask size: 100%
Fields:
  temperature: 8.8285488500736360e+00
Member 34: 
Valid time:2010-01-01T06:00:00Z
Quench geometry grid:
- name: structured
- size: 3763
Regional grid detected
Partitioner:
- type: checkerboard
Function space:
- type: StructuredColumns
- halo: 1
Groups: 
- Group 0:
  Vertical levels: 
  - number: 2
  - vert_coord: [1.0000000000000000e+00,2.0000000000000000e+00]
  Mask size: 100%
Fields:
  temperature: 1.8987042819254746e+01
Member 35: 
Valid time:2010-01-01T06:00:00Z
Quench geometry grid:
- name: structured
- size: 3763
Regional grid detected
Partitioner:
- type: checkerboard
Function space:
- type: StructuredColumns
- halo: 1
Groups: 
- Group 0:
  Vertical levels: 
  - number: 2
  - vert_coord: [1.0000000000000000e+00,2.0000000000000000e+00]
  Mask size: 100%
Fields:
  temperature: 7.1702655540430325e+00
Member 36: 
Valid time:2010-01-01T06:00:00Z
Quench geometry grid:
- name: structured
- size: 3763
Regional grid detected
Partitioner:
- type: checkerboard
Function space:
- type: StructuredColumns
- halo: 1
Groups: 
- Group 0:
  Vertical levels: 
  - number: 2
  - vert_coord: [1.0000000000000000e+00,2.0000000000000000e+00]
  Mask size: 100%
Fields:
  temperature: 6.4880105994679234e+00
Member 37: 
Valid time:2010-01-01T06:00:00Z
Quench geometry grid:
- name: structured
- size: 3763
Regional grid detected
Partitioner:
- type: checkerboard
Function space:
- type: StructuredColumns
- halo: 1
Groups: 
- Group 0:
  Vertical levels: 
  - number: 2
  - vert_coord: [1.0000000000000000e+00,2.0000000000000000e+00]
  Mask size: 100%
Fields:
  temperature: 5.8637360389150661e+00
Member 38: 
Valid time:2010-01-01T06:00:00Z
Quench geometry grid:
- name: structured
- size: 3763
Regional grid detected
Partitioner:
- type: checkerboard
Function space:
- type: StructuredColumns
- halo: 1
Groups: 
- Group 0:
  Vertical levels: 
  - number: 2
  - vert_coord: [1.0000000000000000e+00,2.0000000000000000e+00]
  Mask size: 100%
Fields:
  temperature: 8.1985153716346524e+00
Member 39: 
Valid time:2010-01-01T06:00:00Z
Quench geometry grid:
- name: structured
- size: 3763
Regional grid detected
Partitioner:
- type: checkerboard
Function space:
- type: StructuredColumns
- halo: 1
Groups: 
- Group 0:
  Vertical levels: 
  - number: 2
  - vert_coord: [1.0000000000000000e+00,2.0000000000000000e+00]
  Mask size: 100%
Fields:
  temperature: 2.0365405592423467e+00
Member 40: 
Valid time:2010-01-01T06:00:00Z
Quench geometry grid:
- name: structured
- size: 3763
Regional grid detected
Partitioner:
- type: checkerboard
Function space:
- type: StructuredColumns
- halo: 1
Groups: 
- Group 0:
  Vertical levels: 
  - number: 2
  - vert_coord: [1.0000000000000000e+00,2.0000000000000000e+00]
  Mask size: 100%
Fields:
  temperature: 9.4189853783482445e+00
Member 41: 
Valid time:2010-01-01T06:00:00Z
Quench geometry grid:
- name: structured
- size: 3763
Regional grid detected
Partitioner:
- type: checkerboard
Function space:
- type: StructuredColumns
- halo: 1
Groups: 
- Group 0:
  Vertical levels: 
  - number: 2
  - vert_coord: [1.0000000000000000e+00,2.0000000000000000e+00]
  Mask size: 100%
Fields:
  temperature: 4.8037764480360226e+00
Member 42: 
Valid time:2010-01-01T06:00:00Z
Quench geometry grid:
- name: structured
- size: 3763
Regional grid detected
Partitioner:
- type: checkerboard
Function space:
- type: StructuredColumns
- halo: 1
Groups: 
- Group 0:
  Vertical levels: 
  - number: 2
  - vert_coord: [1.0000000000000000e+00,2.0000000000000000e+00]
  Mask size: 100%
Fields:
  temperature: 2.5997772433917210e+00
Member 43: 
Valid time:2010-01-01T06:00:00Z
Quench geometry grid:
- name: structured
- size: 3763
Regional grid detected
Partitioner:
- type: checkerboard
Function space:
- type: StructuredColumns
- halo: 1
Groups: 
- Group 0:
  Vertical levels: 
  - number: 2
  - vert_coord: [1.0000000000000000e+00,2.0000000000000000e+00]
  Mask size: 100%
Fields:
  temperature: 7.7059869030135122e+00
Member 44: 
Valid time:2010-01-01T06:00:00Z
Quench geometry grid:
- name: structured
- size: 3763
Regional grid detected
Partitioner:
- type: checkerboard
Function space:
- type: StructuredColumns
- halo: 1
Groups: 
- Group 0:
  Vertical levels: 
  - number: 2
  - vert_coord: [1.0000000000000000e+00,2.0000000000000000e+00]
  Mask size: 100%
Fields:
  temperature: 4.1850617528190366e+00
Member 45: 
Valid time:2010-01-01T06:00:00Z
Quench geometry grid:
- name: structured
- size: 3763
Regional grid detected
Partitioner:
- type: checkerboard
Function space:
- type: StructuredColumns
- halo: 1
Groups: 
- Group 0:
  Vertical levels: 
  - number: 2
  - vert_coord: [1.0000000000000000e+00,2.0000000000000000e+00]
  Mask size: 100%
Fields:
  temperature: 5.9250878460418770e+00
Member 46: 
Valid time:2010-01-01T06:00:00Z
Quench geometry grid:
- name: structured
- size: 3763
Regional grid detected
Partitioner:
- type: checkerboard
Function space:
- type: StructuredColumns
- halo: 1
Groups: 
- Group 0:
  Vertical levels: 
  - number: 2
  - vert_coord: [1.0000000000000000e+00,2.0000000000000000e+00]
  Mask size: 100%
Fields:
  temperature: 2.2645244120427557e+00
Member 47: 
Valid time:2010-01-01T06:00:00Z
Quench geometry grid:
- name: structured
- size: 3763
Regional grid detected
Partitioner:
- type: checkerboard
Function space:
- type: StructuredColumns
- halo: 1
Groups: 
- Group 0:
  Vertical levels: 
  - number: 2
  - vert_coord: [1.0000000000000000e+00,2.0000000000000000e+00]
  Mask size: 100%
Fields:
  temperature: 5.9050631951139687e+00
Member 48: 
Valid time:2010-01-01T06:00:00Z
Quench geometry grid:
- name: structured
- size: 3763
Regional grid detected
Partitioner:
- type: checkerboard
Function space:
- type: StructuredColumns
- halo: 1
Groups: 
- Group 0:
  Vertical levels: 
  - number: 2
  - vert_coord: [1.0000000000000000e+00,2.0000000000000000e+00]
  Mask size: 100%
Fields:
  temperature: 1.9823590760521757e+01
Member 49: 
Valid time:2010-01-01T06:00:00Z
Quench geometry grid:
- name: structured
- size: 3763
Regional grid detected
Partitioner:
- type: checkerboard
Function space:
- type: StructuredColumns
- halo: 1
Groups: 
- Group 0:
  Vertical levels: 
  - number: 2
  - vert_coord: [1.0000000000000000e+00,2.0000000000000000e+00]
  Mask size: 100%
Fields:
  temperature: 6.4944598992869764e+00
